Archive member included because of file (symbol)

c:/program files (x86)/atmel/atmel toolchain/arm gcc/native/4.7.3.1029/arm-gnu-toolchain/bin/../lib/gcc/arm-none-eabi/4.7.3/../../../../arm-none-eabi/lib/armv7e-m\libc.a(lib_a-__atexit.o)
                              c:/program files (x86)/atmel/atmel toolchain/arm gcc/native/4.7.3.1029/arm-gnu-toolchain/bin/../lib/gcc/arm-none-eabi/4.7.3/../../../../arm-none-eabi/lib/armv7e-m/crt0.o (__register_exitproc)
c:/program files (x86)/atmel/atmel toolchain/arm gcc/native/4.7.3.1029/arm-gnu-toolchain/bin/../lib/gcc/arm-none-eabi/4.7.3/../../../../arm-none-eabi/lib/armv7e-m\libc.a(lib_a-exit.o)
                              c:/program files (x86)/atmel/atmel toolchain/arm gcc/native/4.7.3.1029/arm-gnu-toolchain/bin/../lib/gcc/arm-none-eabi/4.7.3/../../../../arm-none-eabi/lib/armv7e-m/crt0.o (exit)
c:/program files (x86)/atmel/atmel toolchain/arm gcc/native/4.7.3.1029/arm-gnu-toolchain/bin/../lib/gcc/arm-none-eabi/4.7.3/../../../../arm-none-eabi/lib/armv7e-m\libc.a(lib_a-fini.o)
                              c:/program files (x86)/atmel/atmel toolchain/arm gcc/native/4.7.3.1029/arm-gnu-toolchain/bin/../lib/gcc/arm-none-eabi/4.7.3/../../../../arm-none-eabi/lib/armv7e-m/crt0.o (__libc_fini_array)
c:/program files (x86)/atmel/atmel toolchain/arm gcc/native/4.7.3.1029/arm-gnu-toolchain/bin/../lib/gcc/arm-none-eabi/4.7.3/../../../../arm-none-eabi/lib/armv7e-m\libc.a(lib_a-impure.o)
                              c:/program files (x86)/atmel/atmel toolchain/arm gcc/native/4.7.3.1029/arm-gnu-toolchain/bin/../lib/gcc/arm-none-eabi/4.7.3/../../../../arm-none-eabi/lib/armv7e-m\libc.a(lib_a-__atexit.o) (_global_impure_ptr)
c:/program files (x86)/atmel/atmel toolchain/arm gcc/native/4.7.3.1029/arm-gnu-toolchain/bin/../lib/gcc/arm-none-eabi/4.7.3/../../../../arm-none-eabi/lib/armv7e-m\libc.a(lib_a-init.o)
                              c:/program files (x86)/atmel/atmel toolchain/arm gcc/native/4.7.3.1029/arm-gnu-toolchain/bin/../lib/gcc/arm-none-eabi/4.7.3/../../../../arm-none-eabi/lib/armv7e-m/crt0.o (__libc_init_array)
c:/program files (x86)/atmel/atmel toolchain/arm gcc/native/4.7.3.1029/arm-gnu-toolchain/bin/../lib/gcc/arm-none-eabi/4.7.3/../../../../arm-none-eabi/lib/armv7e-m\libc.a(lib_a-iprintf.o)
                              src/ov7670.o (iprintf)
c:/program files (x86)/atmel/atmel toolchain/arm gcc/native/4.7.3.1029/arm-gnu-toolchain/bin/../lib/gcc/arm-none-eabi/4.7.3/../../../../arm-none-eabi/lib/armv7e-m\libc.a(lib_a-memset.o)
                              c:/program files (x86)/atmel/atmel toolchain/arm gcc/native/4.7.3.1029/arm-gnu-toolchain/bin/../lib/gcc/arm-none-eabi/4.7.3/../../../../arm-none-eabi/lib/armv7e-m/crt0.o (memset)
c:/program files (x86)/atmel/atmel toolchain/arm gcc/native/4.7.3.1029/arm-gnu-toolchain/bin/../lib/gcc/arm-none-eabi/4.7.3/../../../../arm-none-eabi/lib/armv7e-m\libc.a(lib_a-puts.o)
                              src/main.o (puts)
c:/program files (x86)/atmel/atmel toolchain/arm gcc/native/4.7.3.1029/arm-gnu-toolchain/bin/../lib/gcc/arm-none-eabi/4.7.3/../../../../arm-none-eabi/lib/armv7e-m\libc.a(lib_a-setbuf.o)
                              src/main.o (setbuf)
c:/program files (x86)/atmel/atmel toolchain/arm gcc/native/4.7.3.1029/arm-gnu-toolchain/bin/../lib/gcc/arm-none-eabi/4.7.3/../../../../arm-none-eabi/lib/armv7e-m\libc.a(lib_a-setvbuf.o)
                              c:/program files (x86)/atmel/atmel toolchain/arm gcc/native/4.7.3.1029/arm-gnu-toolchain/bin/../lib/gcc/arm-none-eabi/4.7.3/../../../../arm-none-eabi/lib/armv7e-m\libc.a(lib_a-setbuf.o) (setvbuf)
c:/program files (x86)/atmel/atmel toolchain/arm gcc/native/4.7.3.1029/arm-gnu-toolchain/bin/../lib/gcc/arm-none-eabi/4.7.3/../../../../arm-none-eabi/lib/armv7e-m\libc.a(lib_a-strlen.o)
                              c:/program files (x86)/atmel/atmel toolchain/arm gcc/native/4.7.3.1029/arm-gnu-toolchain/bin/../lib/gcc/arm-none-eabi/4.7.3/../../../../arm-none-eabi/lib/armv7e-m\libc.a(lib_a-puts.o) (strlen)
c:/program files (x86)/atmel/atmel toolchain/arm gcc/native/4.7.3.1029/arm-gnu-toolchain/bin/../lib/gcc/arm-none-eabi/4.7.3/../../../../arm-none-eabi/lib/armv7e-m\libc.a(lib_a-vfiprintf.o)
                              c:/program files (x86)/atmel/atmel toolchain/arm gcc/native/4.7.3.1029/arm-gnu-toolchain/bin/../lib/gcc/arm-none-eabi/4.7.3/../../../../arm-none-eabi/lib/armv7e-m\libc.a(lib_a-iprintf.o) (_vfiprintf_r)
c:/program files (x86)/atmel/atmel toolchain/arm gcc/native/4.7.3.1029/arm-gnu-toolchain/bin/../lib/gcc/arm-none-eabi/4.7.3/../../../../arm-none-eabi/lib/armv7e-m\libc.a(lib_a-wsetup.o)
                              c:/program files (x86)/atmel/atmel toolchain/arm gcc/native/4.7.3.1029/arm-gnu-toolchain/bin/../lib/gcc/arm-none-eabi/4.7.3/../../../../arm-none-eabi/lib/armv7e-m\libc.a(lib_a-vfiprintf.o) (__swsetup_r)
[...]
Memory Configuration

Name             Origin             Length             Attributes
rom              0x00000000         0x00040000         xr
ram              0x20000000         0x00008000         xrw
*default*        0x00000000         0xffffffff

Linker script and memory map

LOAD c:/program files (x86)/atmel/atmel toolchain/arm gcc/native/4.7.3.1029/arm-gnu-toolchain/bin/../lib/gcc/arm-none-eabi/4.7.3/armv7e-m/crti.o
LOAD c:/program files (x86)/atmel/atmel toolchain/arm gcc/native/4.7.3.1029/arm-gnu-toolchain/bin/../lib/gcc/arm-none-eabi/4.7.3/armv7e-m/crtbegin.o
LOAD c:/program files (x86)/atmel/atmel toolchain/arm gcc/native/4.7.3.1029/arm-gnu-toolchain/bin/../lib/gcc/arm-none-eabi/4.7.3/../../../../arm-none-eabi/lib/armv7e-m/crt0.o
LOAD src/ASF/common/services/delay/sam/cycle_counter.o
LOAD src/ASF/sam/drivers/events/events.o
LOAD src/ASF/sam/drivers/gpio/gpio.o
LOAD src/ov7670.o
LOAD src/ASF/common/services/serial/usart_serial.o
LOAD src/ASF/common/services/sleepmgr/sam4l/sleepmgr.o
LOAD src/ASF/common/utils/stdio/read.o
LOAD src/ASF/common/utils/stdio/write.o
LOAD src/ASF/sam/drivers/pdca/pdca.o
LOAD src/ASF/sam/drivers/twim/twim.o
LOAD src/ASF/sam/drivers/usart/usart.o
LOAD src/main.o
LOAD src/ASF/common/services/clock/sam4l/dfll.o
LOAD src/ASF/common/services/clock/sam4l/osc.o
LOAD src/ASF/common/services/clock/sam4l/pll.o
LOAD src/ASF/common/services/clock/sam4l/sysclk.o
LOAD src/ASF/common/utils/interrupt/interrupt_sam_nvic.o
LOAD src/ASF/sam/boards/sam4l_xplained_pro/init.o
LOAD src/ASF/sam/drivers/bpm/bpm.o
LOAD src/ASF/sam/drivers/flashcalw/flashcalw.o
LOAD src/ASF/sam/drivers/wdt/wdt_sam4l.o
LOAD src/ASF/sam/utils/cmsis/sam4l/source/templates/exceptions.o
LOAD src/ASF/sam/utils/cmsis/sam4l/source/templates/gcc/startup_sam4l.o
LOAD src/ASF/sam/utils/cmsis/sam4l/source/templates/system_sam4l.o
LOAD src/ASF/sam/utils/syscalls/gcc/syscalls.o
START GROUP
LOAD ../src/ASF/thirdparty/CMSIS/Lib/GCC\libarm_cortexM4l_math.a
LOAD c:/program files (x86)/atmel/atmel toolchain/arm gcc/native/4.7.3.1029/arm-gnu-toolchain/bin/../lib/gcc/arm-none-eabi/4.7.3/../../../../arm-none-eabi/lib/armv7e-m\libm.a
END GROUP
START GROUP
LOAD c:/program files (x86)/atmel/atmel toolchain/arm gcc/native/4.7.3.1029/arm-gnu-toolchain/bin/../lib/gcc/arm-none-eabi/4.7.3/armv7e-m\libgcc.a
LOAD c:/program files (x86)/atmel/atmel toolchain/arm gcc/native/4.7.3.1029/arm-gnu-toolchain/bin/../lib/gcc/arm-none-eabi/4.7.3/../../../../arm-none-eabi/lib/armv7e-m\libc.a
END GROUP
LOAD c:/program files (x86)/atmel/atmel toolchain/arm gcc/native/4.7.3.1029/arm-gnu-toolchain/bin/../lib/gcc/arm-none-eabi/4.7.3/armv7e-m/crtend.o
LOAD c:/program files (x86)/atmel/atmel toolchain/arm gcc/native/4.7.3.1029/arm-gnu-toolchain/bin/../lib/gcc/arm-none-eabi/4.7.3/armv7e-m/crtn.o
                [0x00001000]                __stack_size__ = DEFINED (__stack_size__)?__stack_size__:0x1000

.text           0x00000000     0x5e50
                0x00000000                . = ALIGN (0x4)
                0x00000000                _sfixed = .
 *(.vectors .vectors.*)
 .vectors       0x00000000      0x180 src/ASF/sam/utils/cmsis/sam4l/source/templates/gcc/startup_sam4l.o
                0x00000000                exception_table
 *(.text .text.* .gnu.linkonce.t.*)
 .text          0x00000180       0xb0 c:/program files (x86)/atmel/atmel toolchain/arm gcc/native/4.7.3.1029/arm-gnu-toolchain/bin/../lib/gcc/arm-none-eabi/4.7.3/armv7e-m/crtbegin.o
 .text.events_get_config_defaults
                0x00000230        0x8 src/ASF/sam/drivers/events/events.o
                0x00000230                events_get_config_defaults
 .text.events_init
                0x00000238       0x24 src/ASF/sam/drivers/events/events.o
                0x00000238                events_init
 .text.events_ch_get_config_defaults
                0x0000025c       0x18 src/ASF/sam/drivers/events/events.o
                0x0000025c                events_ch_get_config_defaults
 .text.events_ch_configure
                0x00000274       0x58 src/ASF/sam/drivers/events/events.o
                0x00000274                events_ch_configure
 .text.gpio_common_handler
                0x000002cc       0x78 src/ASF/sam/drivers/gpio/gpio.o
 .text.gpio_set_pin_callback
                0x00000344       0xe8 src/ASF/sam/drivers/gpio/gpio.o
                0x00000344                gpio_set_pin_callback
 .text.GPIO_0_Handler
                0x0000042c       0x18 src/ASF/sam/drivers/gpio/gpio.o
                0x0000042c                GPIO_0_Handler
 .text.GPIO_1_Handler
                0x00000444       0x18 src/ASF/sam/drivers/gpio/gpio.o
                0x00000444                GPIO_1_Handler
 .text.GPIO_2_Handler
                0x0000045c       0x18 src/ASF/sam/drivers/gpio/gpio.o
                0x0000045c                GPIO_2_Handler
 .text.GPIO_3_Handler
                0x00000474       0x18 src/ASF/sam/drivers/gpio/gpio.o
                0x00000474                GPIO_3_Handler
 .text.GPIO_4_Handler
                0x0000048c       0x18 src/ASF/sam/drivers/gpio/gpio.o
                0x0000048c                GPIO_4_Handler
 .text.GPIO_5_Handler
                0x000004a4       0x18 src/ASF/sam/drivers/gpio/gpio.o
                0x000004a4                GPIO_5_Handler
 .text.GPIO_6_Handler
                0x000004bc       0x18 src/ASF/sam/drivers/gpio/gpio.o
                0x000004bc                GPIO_6_Handler
 .text.GPIO_7_Handler
                0x000004d4       0x18 src/ASF/sam/drivers/gpio/gpio.o
                0x000004d4                GPIO_7_Handler
 .text.GPIO_8_Handler
                0x000004ec       0x18 src/ASF/sam/drivers/gpio/gpio.o
                0x000004ec                GPIO_8_Handler
 .text.GPIO_9_Handler
                0x00000504       0x18 src/ASF/sam/drivers/gpio/gpio.o
                0x00000504                GPIO_9_Handler
 .text.GPIO_10_Handler
                0x0000051c       0x18 src/ASF/sam/drivers/gpio/gpio.o
                0x0000051c                GPIO_10_Handler
 .text.GPIO_11_Handler
                0x00000534       0x18 src/ASF/sam/drivers/gpio/gpio.o
                0x00000534                GPIO_11_Handler
 .text.VSYNC_Callback
                0x0000054c       0x10 src/ov7670.o
 .text.write_twi
                0x0000055c       0x44 src/ov7670.o
 .text.OV7670_init
                0x000005a0      0x234 src/ov7670.o
                0x000005a0                OV7670_init
 .text._read    0x000007d4       0x88 src/ASF/common/utils/stdio/read.o
                0x000007d4                _read
 .text._write   0x0000085c       0xa0 src/ASF/common/utils/stdio/write.o
                0x0000085c                _write
 .text.pdca_channel_get_handler
                0x000008fc       0x14 src/ASF/sam/drivers/pdca/pdca.o
                0x000008fc                pdca_channel_get_handler
 .text.pdca_get_channel_status
                0x00000910       0x44 src/ASF/sam/drivers/pdca/pdca.o
                0x00000910                pdca_get_channel_status
 .text.pdca_channel_interrupt
                0x00000954       0x20 src/ASF/sam/drivers/pdca/pdca.o
 .text.PDCA_0_Handler
                0x00000974       0x14 src/ASF/sam/drivers/pdca/pdca.o
                0x00000974                PDCA_0_Handler
 .text.PDCA_1_Handler
                0x00000988       0x14 src/ASF/sam/drivers/pdca/pdca.o
                0x00000988                PDCA_1_Handler
 .text.PDCA_2_Handler
                0x0000099c       0x14 src/ASF/sam/drivers/pdca/pdca.o
                0x0000099c                PDCA_2_Handler
 .text.PDCA_3_Handler
                0x000009b0       0x14 src/ASF/sam/drivers/pdca/pdca.o
                0x000009b0                PDCA_3_Handler
 .text.PDCA_4_Handler
                0x000009c4       0x14 src/ASF/sam/drivers/pdca/pdca.o
                0x000009c4                PDCA_4_Handler
 .text.PDCA_5_Handler
                0x000009d8       0x14 src/ASF/sam/drivers/pdca/pdca.o
                0x000009d8                PDCA_5_Handler
 .text.PDCA_6_Handler
                0x000009ec       0x14 src/ASF/sam/drivers/pdca/pdca.o
                0x000009ec                PDCA_6_Handler
 .text.PDCA_7_Handler
                0x00000a00       0x14 src/ASF/sam/drivers/pdca/pdca.o
                0x00000a00                PDCA_7_Handler
 .text.PDCA_8_Handler
                0x00000a14       0x14 src/ASF/sam/drivers/pdca/pdca.o
                0x00000a14                PDCA_8_Handler
 .text.PDCA_9_Handler
                0x00000a28       0x14 src/ASF/sam/drivers/pdca/pdca.o
                0x00000a28                PDCA_9_Handler
 .text.PDCA_10_Handler
                0x00000a3c       0x14 src/ASF/sam/drivers/pdca/pdca.o
                0x00000a3c                PDCA_10_Handler
 .text.PDCA_11_Handler
                0x00000a50       0x14 src/ASF/sam/drivers/pdca/pdca.o
                0x00000a50                PDCA_11_Handler
 .text.PDCA_12_Handler
                0x00000a64       0x14 src/ASF/sam/drivers/pdca/pdca.o
                0x00000a64                PDCA_12_Handler
 .text.PDCA_13_Handler
                0x00000a78       0x14 src/ASF/sam/drivers/pdca/pdca.o
                0x00000a78                PDCA_13_Handler
 .text.PDCA_14_Handler
                0x00000a8c       0x14 src/ASF/sam/drivers/pdca/pdca.o
                0x00000a8c                PDCA_14_Handler
 .text.PDCA_15_Handler
                0x00000aa0       0x14 src/ASF/sam/drivers/pdca/pdca.o
                0x00000aa0                PDCA_15_Handler
 .text.find_twim_channel_num
                0x00000ab4       0x38 src/ASF/sam/drivers/twim/twim.o
 .text.twim_default_callback
                0x00000aec      0x190 src/ASF/sam/drivers/twim/twim.o
                0x00000aec                twim_default_callback
 .text.twim_set_speed
                0x00000c7c       0xb0 src/ASF/sam/drivers/twim/twim.o
                0x00000c7c                twim_set_speed
 .text.twim_set_hsmode_speed
                0x00000d2c       0xb0 src/ASF/sam/drivers/twim/twim.o
                0x00000d2c                twim_set_hsmode_speed
 .text.twim_set_config
                0x00000ddc      0x114 src/ASF/sam/drivers/twim/twim.o
                0x00000ddc                twim_set_config
 .text.twim_enable_interrupt
                0x00000ef0        0x4 src/ASF/sam/drivers/twim/twim.o
                0x00000ef0                twim_enable_interrupt
 .text.twim_get_status
                0x00000ef4        0x4 src/ASF/sam/drivers/twim/twim.o
                0x00000ef4                twim_get_status
 .text.twi_master_write
                0x00000ef8      0x250 src/ASF/sam/drivers/twim/twim.o
                0x00000ef8                twi_master_write
 .text.twim_set_callback
                0x00001148      0x100 src/ASF/sam/drivers/twim/twim.o
                0x00001148                twim_set_callback
 .text.TWIM0_Handler
                0x00001248       0x18 src/ASF/sam/drivers/twim/twim.o
                0x00001248                TWIM0_Handler
 .text.TWIM1_Handler
                0x00001260       0x18 src/ASF/sam/drivers/twim/twim.o
                0x00001260                TWIM1_Handler
 .text.TWIM2_Handler
                0x00001278       0x18 src/ASF/sam/drivers/twim/twim.o
                0x00001278                TWIM2_Handler
 .text.TWIM3_Handler
                0x00001290       0x18 src/ASF/sam/drivers/twim/twim.o
                0x00001290                TWIM3_Handler
 .text.usart_set_async_baudrate
                0x000012a8       0x78 src/ASF/sam/drivers/usart/usart.o
 .text.usart_enable_tx
                0x00001320        0x8 src/ASF/sam/drivers/usart/usart.o
                0x00001320                usart_enable_tx
 .text.usart_reset_tx
                0x00001328        0x8 src/ASF/sam/drivers/usart/usart.o
                0x00001328                usart_reset_tx
 .text.usart_enable_rx
                0x00001330        0x8 src/ASF/sam/drivers/usart/usart.o
                0x00001330                usart_enable_rx
 .text.usart_reset_rx
                0x00001338        0x8 src/ASF/sam/drivers/usart/usart.o
                0x00001338                usart_reset_rx
 .text.usart_reset_status
                0x00001340        0x8 src/ASF/sam/drivers/usart/usart.o
                0x00001340                usart_reset_status
 .text.usart_drive_DTR_pin_high
                0x00001348        0x8 src/ASF/sam/drivers/usart/usart.o
                0x00001348                usart_drive_DTR_pin_high
 .text.usart_drive_RTS_pin_high
                0x00001350        0x8 src/ASF/sam/drivers/usart/usart.o
                0x00001350                usart_drive_RTS_pin_high
 .text.usart_write
                0x00001358       0x20 src/ASF/sam/drivers/usart/usart.o
                0x00001358                usart_write
 .text.usart_read
                0x00001378       0x20 src/ASF/sam/drivers/usart/usart.o
                0x00001378                usart_read
 .text.usart_disable_writeprotect
                0x00001398       0x10 src/ASF/sam/drivers/usart/usart.o
                0x00001398                usart_disable_writeprotect
 .text.usart_reset
                0x000013a8       0x58 src/ASF/sam/drivers/usart/usart.o
                0x000013a8                usart_reset
 .text.usart_init_rs232
                0x00001400       0x64 src/ASF/sam/drivers/usart/usart.o
                0x00001400                usart_init_rs232
 .text.usart_serial_getchar
                0x00001464       0xc0 src/main.o
 .text.usart_serial_putchar
                0x00001524       0xbc src/main.o
 .text.main     0x000015e0      0x118 src/main.o
                0x000015e0                main
 .text.dfll_enable_closed_loop
                0x000016f8      0x1a4 src/ASF/common/services/clock/sam4l/dfll.o
                0x000016f8                dfll_enable_closed_loop
 .text.dfll_enable_config_defaults
                0x0000189c       0xc8 src/ASF/common/services/clock/sam4l/dfll.o
                0x0000189c                dfll_enable_config_defaults
 .text.osc_priv_enable_osc32
                0x00001964       0x4c src/ASF/common/services/clock/sam4l/osc.o
                0x00001964                osc_priv_enable_osc32
 .text.sysclk_priv_enable_module
                0x000019b0       0x68 src/ASF/common/services/clock/sam4l/sysclk.o
                0x000019b0                sysclk_priv_enable_module
 .text.sysclk_priv_disable_module
                0x00001a18       0x6c src/ASF/common/services/clock/sam4l/sysclk.o
                0x00001a18                sysclk_priv_disable_module
 .text.sysclk_enable_pba_module
                0x00001a84       0x60 src/ASF/common/services/clock/sam4l/sysclk.o
                0x00001a84                sysclk_enable_pba_module
 .text.sysclk_disable_pba_module
                0x00001ae4       0x60 src/ASF/common/services/clock/sam4l/sysclk.o
                0x00001ae4                sysclk_disable_pba_module
 .text.sysclk_enable_pbb_module
                0x00001b44       0x60 src/ASF/common/services/clock/sam4l/sysclk.o
                0x00001b44                sysclk_enable_pbb_module
 .text.sysclk_disable_pbb_module
                0x00001ba4       0x60 src/ASF/common/services/clock/sam4l/sysclk.o
                0x00001ba4                sysclk_disable_pbb_module
 .text.sysclk_get_peripheral_bus_hz
                0x00001c04      0x2f8 src/ASF/common/services/clock/sam4l/sysclk.o
                0x00001c04                sysclk_get_peripheral_bus_hz
 .text.sysclk_enable_peripheral_clock
                0x00001efc      0x6e0 src/ASF/common/services/clock/sam4l/sysclk.o
                0x00001efc                sysclk_enable_peripheral_clock
 .text.sysclk_disable_peripheral_clock
                0x000025dc      0x65c src/ASF/common/services/clock/sam4l/sysclk.o
                0x000025dc                sysclk_disable_peripheral_clock
 .text.sysclk_set_source
                0x00002c38       0x40 src/ASF/common/services/clock/sam4l/sysclk.o
                0x00002c38                sysclk_set_source
 .text.sysclk_init
                0x00002c78       0xbc src/ASF/common/services/clock/sam4l/sysclk.o
                0x00002c78                sysclk_init
 .text.board_init
                0x00002d34       0xec src/ASF/sam/boards/sam4l_xplained_pro/init.o
                0x00002d34                board_init
 .text.bpm_power_scaling_cpu_failsafe
                0x00002e20       0x78 src/ASF/sam/drivers/bpm/bpm.o
                0x00002e20                bpm_power_scaling_cpu_failsafe
 .text.bpm_get_status
                0x00002e98        0x4 src/ASF/sam/drivers/bpm/bpm.o
                0x00002e98                bpm_get_status
 .text.bpm_sleep
                0x00002e9c      0x100 src/ASF/sam/drivers/bpm/bpm.o
                0x00002e9c                bpm_sleep
 .text.flashcalw_set_wait_state
                0x00002f9c       0x24 src/ASF/sam/drivers/flashcalw/flashcalw.o
                0x00002f9c                flashcalw_set_wait_state
 .text.flashcalw_is_ready
                0x00002fc0       0x10 src/ASF/sam/drivers/flashcalw/flashcalw.o
                0x00002fc0                flashcalw_is_ready
 .text.flashcalw_default_wait_until_ready
                0x00002fd0       0x14 src/ASF/sam/drivers/flashcalw/flashcalw.o
                0x00002fd0                flashcalw_default_wait_until_ready
 .text.flashcalw_issue_command
                0x00002fe4       0x64 src/ASF/sam/drivers/flashcalw/flashcalw.o
                0x00002fe4                flashcalw_issue_command
 .text.flashcalw_set_flash_waitstate_and_readmode
                0x00003048       0xe4 src/ASF/sam/drivers/flashcalw/flashcalw.o
                0x00003048                flashcalw_set_flash_waitstate_and_readmode
 .text.wdt_set_ctrl
                0x0000312c       0x48 src/ASF/sam/drivers/wdt/wdt_sam4l.o
 .text.wdt_get_config_defaults
                0x00003174       0x1c src/ASF/sam/drivers/wdt/wdt_sam4l.o
                0x00003174                wdt_get_config_defaults
 .text.wdt_init
                0x00003190       0xcc src/ASF/sam/drivers/wdt/wdt_sam4l.o
                0x00003190                wdt_init
 .text.wdt_disable
                0x0000325c       0x2c src/ASF/sam/drivers/wdt/wdt_sam4l.o
                0x0000325c                wdt_disable
 .text.Dummy_Handler
                0x00003288        0x4 src/ASF/sam/utils/cmsis/sam4l/source/templates/exceptions.o
                0x00003288                EIC_5_Handler
                0x00003288                DACC_Handler
                0x00003288                DebugMon_Handler
                0x00003288                TRNG_Handler
                0x00003288                HardFault_Handler
                0x00003288                SPI_Handler
                0x00003288                EIC_4_Handler
                0x00003288                SysTick_Handler
                0x00003288                USART3_Handler
                0x00003288                AST_PER_Handler
                0x00003288                AST_CLKREADY_Handler
                0x00003288                AST_OVF_Handler
                0x00003288                PendSV_Handler
                0x00003288                NMI_Handler
                0x00003288                SCIF_Handler
                0x00003288                CRCCU_Handler
                0x00003288                USART0_Handler
                0x00003288                EIC_3_Handler
                0x00003288                UsageFault_Handler
                0x00003288                TC12_Handler
                0x00003288                BPM_Handler
                0x00003288                PARC_Handler
                0x00003288                WDT_Handler
                0x00003288                EIC_8_Handler
                0x00003288                TWIS0_Handler
                0x00003288                TWIS1_Handler
                0x00003288                AESA_Handler
                0x00003288                Dummy_Handler
                0x00003288                ABDACB_Handler
                0x00003288                CATB_Handler
                0x00003288                LCDCA_Handler
                0x00003288                USART1_Handler
                0x00003288                AST_READY_Handler
                0x00003288                AST_ALARM_Handler
                0x00003288                PM_Handler
                0x00003288                TC11_Handler
                0x00003288                ACIFC_Handler
                0x00003288                TC00_Handler
                0x00003288                TC02_Handler
                0x00003288                MemManage_Handler
                0x00003288                SVC_Handler
                0x00003288                ADCIFE_Handler
                0x00003288                EIC_2_Handler
                0x00003288                PEVC_TR_Handler
                0x00003288                USART2_Handler
                0x00003288                EIC_6_Handler
                0x00003288                TC10_Handler
                0x00003288                EIC_1_Handler
                0x00003288                EIC_7_Handler
                0x00003288                HFLASHC_Handler
                0x00003288                TC01_Handler
                0x00003288                BSCIF_Handler
                0x00003288                USBC_Handler
                0x00003288                IISC_Handler
                0x00003288                BusFault_Handler
                0x00003288                FREQM_Handler
                0x00003288                PEVC_OV_Handler
 .text.Reset_Handler
                0x0000328c      0x11c src/ASF/sam/utils/cmsis/sam4l/source/templates/gcc/startup_sam4l.o
                0x0000328c                Reset_Handler
 .text._sbrk    0x000033a8       0x30 src/ASF/sam/utils/syscalls/gcc/syscalls.o
                0x000033a8                _sbrk
 .text._close   0x000033d8        0x8 src/ASF/sam/utils/syscalls/gcc/syscalls.o
                0x000033d8                _close
 .text._fstat   0x000033e0        0xc src/ASF/sam/utils/syscalls/gcc/syscalls.o
                0x000033e0                _fstat
 .text._isatty  0x000033ec        0x8 src/ASF/sam/utils/syscalls/gcc/syscalls.o
                0x000033ec                _isatty
 .text._lseek   0x000033f4        0x8 src/ASF/sam/utils/syscalls/gcc/syscalls.o
                0x000033f4                _lseek
 .text          0x000033fc       0x9c c:/program files (x86)/atmel/atmel toolchain/arm gcc/native/4.7.3.1029/arm-gnu-toolchain/bin/../lib/gcc/arm-none-eabi/4.7.3/../../../../arm-none-eabi/lib/armv7e-m\libc.a(lib_a-__atexit.o)
                0x000033fc                __register_exitproc
 .text          0x00003498       0x2c c:/program files (x86)/atmel/atmel toolchain/arm gcc/native/4.7.3.1029/arm-gnu-toolchain/bin/../lib/gcc/arm-none-eabi/4.7.3/../../../../arm-none-eabi/lib/armv7e-m\libc.a(lib_a-fini.o)
                0x00003498                __libc_fini_array
 .text          0x000034c4       0x4c c:/program files (x86)/atmel/atmel toolchain/arm gcc/native/4.7.3.1029/arm-gnu-toolchain/bin/../lib/gcc/arm-none-eabi/4.7.3/../../../../arm-none-eabi/lib/armv7e-m\libc.a(lib_a-init.o)
                0x000034c4                __libc_init_array
 .text          0x00003510       0x40 c:/program files (x86)/atmel/atmel toolchain/arm gcc/native/4.7.3.1029/arm-gnu-toolchain/bin/../lib/gcc/arm-none-eabi/4.7.3/../../../../arm-none-eabi/lib/armv7e-m\libc.a(lib_a-iprintf.o)
                0x00003510                iprintf
                0x00003534                _iprintf_r
 .text          0x00003550       0x10 c:/program files (x86)/atmel/atmel toolchain/arm gcc/native/4.7.3.1029/arm-gnu-toolchain/bin/../lib/gcc/arm-none-eabi/4.7.3/../../../../arm-none-eabi/lib/armv7e-m\libc.a(lib_a-memset.o)
                0x00003550                memset
 .text          0x00003560       0x74 c:/program files (x86)/atmel/atmel toolchain/arm gcc/native/4.7.3.1029/arm-gnu-toolchain/bin/../lib/gcc/arm-none-eabi/4.7.3/../../../../arm-none-eabi/lib/armv7e-m\libc.a(lib_a-puts.o)
                0x00003560                _puts_r
                0x000035c4                puts
 .text          0x000035d4       0x10 c:/program files (x86)/atmel/atmel toolchain/arm gcc/native/4.7.3.1029/arm-gnu-toolchain/bin/../lib/gcc/arm-none-eabi/4.7.3/../../../../arm-none-eabi/lib/armv7e-m\libc.a(lib_a-setbuf.o)
                0x000035d4                setbuf
 .text          0x000035e4       0xec c:/program files (x86)/atmel/atmel toolchain/arm gcc/native/4.7.3.1029/arm-gnu-toolchain/bin/../lib/gcc/arm-none-eabi/4.7.3/../../../../arm-none-eabi/lib/armv7e-m\libc.a(lib_a-setvbuf.o)
                0x000035e4                setvbuf
 .text          0x000036d0       0x10 c:/program files (x86)/atmel/atmel toolchain/arm gcc/native/4.7.3.1029/arm-gnu-toolchain/bin/../lib/gcc/arm-none-eabi/4.7.3/../../../../arm-none-eabi/lib/armv7e-m\libc.a(lib_a-strlen.o)
                0x000036d0                strlen
 .text          0x000036e0      0x918 c:/program files (x86)/atmel/atmel toolchain/arm gcc/native/4.7.3.1029/arm-gnu-toolchain/bin/../lib/gcc/arm-none-eabi/4.7.3/../../../../arm-none-eabi/lib/armv7e-m\libc.a(lib_a-vfiprintf.o)
                0x000036e0                __sprint_r
                0x00003748                _vfiprintf_r
                0x00003fda                vfiprintf
 .text          0x00003ff8       0xb8 c:/program files (x86)/atmel/atmel toolchain/arm gcc/native/4.7.3.1029/arm-gnu-toolchain/bin/../lib/gcc/arm-none-eabi/4.7.3/../../../../arm-none-eabi/lib/armv7e-m\libc.a(lib_a-wsetup.o)
                0x00003ff8                __swsetup_r
 .text.startup  0x000040b0       0x14 c:/program files (x86)/atmel/atmel toolchain/arm gcc/native/4.7.3.1029/arm-gnu-toolchain/bin/../lib/gcc/arm-none-eabi/4.7.3/../../../../arm-none-eabi/lib/armv7e-m\libc.a(lib_a-__call_atexit.o)
 .text          0x000040c4        0xc c:/program files (x86)/atmel/atmel toolchain/arm gcc/native/4.7.3.1029/arm-gnu-toolchain/bin/../lib/gcc/arm-none-eabi/4.7.3/../../../../arm-none-eabi/lib/armv7e-m\libc.a(lib_a-atexit.o)
                0x000040c4                atexit
 .text          0x000040d0      0x154 c:/program files (x86)/atmel/atmel toolchain/arm gcc/native/4.7.3.1029/arm-gnu-toolchain/bin/../lib/gcc/arm-none-eabi/4.7.3/../../../../arm-none-eabi/lib/armv7e-m\libc.a(lib_a-fflush.o)
                0x000040d0                _fflush_r
                0x00004200                fflush
 .text          0x00004224      0x18c c:/program files (x86)/atmel/atmel toolchain/arm gcc/native/4.7.3.1029/arm-gnu-toolchain/bin/../lib/gcc/arm-none-eabi/4.7.3/../../../../arm-none-eabi/lib/armv7e-m\libc.a(lib_a-findfp.o)
                0x0000422c                _cleanup_r
                0x00004280                __sfmoreglue
                0x000042aa                _cleanup
                0x000042b8                __sinit
                0x00004304                __sfp
                0x00004380                __sfp_lock_acquire
                0x00004382                __sfp_lock_release
                0x00004384                __sinit_lock_acquire
                0x00004386                __sinit_lock_release
                0x00004388                __fp_lock_all
                0x0000439c                __fp_unlock_all
 .text          0x000043b0       0xe8 c:/program files (x86)/atmel/atmel toolchain/arm gcc/native/4.7.3.1029/arm-gnu-toolchain/bin/../lib/gcc/arm-none-eabi/4.7.3/../../../../arm-none-eabi/lib/armv7e-m\libc.a(lib_a-fputwc.o)
                0x000043b0                _fputwc_r
                0x00004470                fputwc
 .text          0x00004498      0x208 c:/program files (x86)/atmel/atmel toolchain/arm gcc/native/4.7.3.1029/arm-gnu-toolchain/bin/../lib/gcc/arm-none-eabi/4.7.3/../../../../arm-none-eabi/lib/armv7e-m\libc.a(lib_a-freer.o)
                0x00004498                _malloc_trim_r
                0x00004534                _free_r
 .text          0x000046a0      0x2b6 c:/program files (x86)/atmel/atmel toolchain/arm gcc/native/4.7.3.1029/arm-gnu-toolchain/bin/../lib/gcc/arm-none-eabi/4.7.3/../../../../arm-none-eabi/lib/armv7e-m\libc.a(lib_a-fvwrite.o)
                0x000046a0                __sfvwrite_r
 .text          0x00004956       0x86 c:/program files (x86)/atmel/atmel toolchain/arm gcc/native/4.7.3.1029/arm-gnu-toolchain/bin/../lib/gcc/arm-none-eabi/4.7.3/../../../../arm-none-eabi/lib/armv7e-m\libc.a(lib_a-fwalk.o)
                0x00004956                _fwalk
                0x00004998                _fwalk_reent
 .text          0x000049dc       0x88 c:/program files (x86)/atmel/atmel toolchain/arm gcc/native/4.7.3.1029/arm-gnu-toolchain/bin/../lib/gcc/arm-none-eabi/4.7.3/../../../../arm-none-eabi/lib/armv7e-m\libc.a(lib_a-locale.o)
                0x000049dc                _setlocale_r
                0x00004a20                __locale_charset
                0x00004a28                __locale_mb_cur_max
                0x00004a34                __locale_msgcharset
                0x00004a3c                __locale_cjk_lang
                0x00004a40                _localeconv_r
                0x00004a48                setlocale
                0x00004a5c                localeconv
 .text          0x00004a64       0xd8 c:/program files (x86)/atmel/atmel toolchain/arm gcc/native/4.7.3.1029/arm-gnu-toolchain/bin/../lib/gcc/arm-none-eabi/4.7.3/../../../../arm-none-eabi/lib/armv7e-m\libc.a(lib_a-makebuf.o)
                0x00004a64                __smakebuf_r
 .text          0x00004b3c       0x20 c:/program files (x86)/atmel/atmel toolchain/arm gcc/native/4.7.3.1029/arm-gnu-toolchain/bin/../lib/gcc/arm-none-eabi/4.7.3/../../../../arm-none-eabi/lib/armv7e-m\libc.a(lib_a-malloc.o)
                0x00004b3c                malloc
                0x00004b4c                free
 .text          0x00004b5c      0x404 c:/program files (x86)/atmel/atmel toolchain/arm gcc/native/4.7.3.1029/arm-gnu-toolchain/bin/../lib/gcc/arm-none-eabi/4.7.3/../../../../arm-none-eabi/lib/armv7e-m\libc.a(lib_a-mallocr.o)
                0x00004b5c                _malloc_r
 .text          0x00004f60       0x1c c:/program files (x86)/atmel/atmel toolchain/arm gcc/native/4.7.3.1029/arm-gnu-toolchain/bin/../lib/gcc/arm-none-eabi/4.7.3/../../../../arm-none-eabi/lib/armv7e-m\libc.a(lib_a-memchr.o)
                0x00004f60                memchr
 .text          0x00004f7c       0x12 c:/program files (x86)/atmel/atmel toolchain/arm gcc/native/4.7.3.1029/arm-gnu-toolchain/bin/../lib/gcc/arm-none-eabi/4.7.3/../../../../arm-none-eabi/lib/armv7e-m\libc.a(lib_a-memcpy.o)
                0x00004f7c                memcpy
 .text          0x00004f8e       0x34 c:/program files (x86)/atmel/atmel toolchain/arm gcc/native/4.7.3.1029/arm-gnu-toolchain/bin/../lib/gcc/arm-none-eabi/4.7.3/../../../../arm-none-eabi/lib/armv7e-m\libc.a(lib_a-memmove.o)
                0x00004f8e                memmove
 .text          0x00004fc2        0x4 c:/program files (x86)/atmel/atmel toolchain/arm gcc/native/4.7.3.1029/arm-gnu-toolchain/bin/../lib/gcc/arm-none-eabi/4.7.3/../../../../arm-none-eabi/lib/armv7e-m\libc.a(lib_a-mlock.o)
                0x00004fc2                __malloc_lock
                0x00004fc4                __malloc_unlock
 *fill*         0x00004fc6        0x2 00
 .text          0x00004fc8      0x2dc c:/program files (x86)/atmel/atmel toolchain/arm gcc/native/4.7.3.1029/arm-gnu-toolchain/bin/../lib/gcc/arm-none-eabi/4.7.3/../../../../arm-none-eabi/lib/armv7e-m\libc.a(lib_a-reallocr.o)
                0x00004fc8                _realloc_r
 .text          0x000052a4       0x20 c:/program files (x86)/atmel/atmel toolchain/arm gcc/native/4.7.3.1029/arm-gnu-toolchain/bin/../lib/gcc/arm-none-eabi/4.7.3/../../../../arm-none-eabi/lib/armv7e-m\libc.a(lib_a-sbrkr.o)
                0x000052a4                _sbrk_r
 .text          0x000052c4       0x8e c:/program files (x86)/atmel/atmel toolchain/arm gcc/native/4.7.3.1029/arm-gnu-toolchain/bin/../lib/gcc/arm-none-eabi/4.7.3/../../../../arm-none-eabi/lib/armv7e-m\libc.a(lib_a-stdio.o)
                0x000052c4                __sread
                0x000052e6                __seofread
                0x000052ea                __swrite
                0x00005326                __sseek
                0x0000534a                __sclose
 .text          0x00005352       0x16 c:/program files (x86)/atmel/atmel toolchain/arm gcc/native/4.7.3.1029/arm-gnu-toolchain/bin/../lib/gcc/arm-none-eabi/4.7.3/../../../../arm-none-eabi/lib/armv7e-m\libc.a(lib_a-strcmp.o)
                0x00005352                strcmp
 .text          0x00005368       0xb4 c:/program files (x86)/atmel/atmel toolchain/arm gcc/native/4.7.3.1029/arm-gnu-toolchain/bin/../lib/gcc/arm-none-eabi/4.7.3/../../../../arm-none-eabi/lib/armv7e-m\libc.a(lib_a-wbuf.o)
                0x00005368                __swbuf_r
                0x0000540a                __swbuf
 .text          0x0000541c       0x68 c:/program files (x86)/atmel/atmel toolchain/arm gcc/native/4.7.3.1029/arm-gnu-toolchain/bin/../lib/gcc/arm-none-eabi/4.7.3/../../../../arm-none-eabi/lib/armv7e-m\libc.a(lib_a-wcrtomb.o)
                0x0000541c                _wcrtomb_r
                0x00005468                wcrtomb
 .text          0x00005484       0x44 c:/program files (x86)/atmel/atmel toolchain/arm gcc/native/4.7.3.1029/arm-gnu-toolchain/bin/../lib/gcc/arm-none-eabi/4.7.3/../../../../arm-none-eabi/lib/armv7e-m\libc.a(lib_a-wctomb_r.o)
                0x00005484                __ascii_wctomb
                0x0000549e                _wctomb_r
 .text          0x000054c8       0x24 c:/program files (x86)/atmel/atmel toolchain/arm gcc/native/4.7.3.1029/arm-gnu-toolchain/bin/../lib/gcc/arm-none-eabi/4.7.3/../../../../arm-none-eabi/lib/armv7e-m\libc.a(lib_a-writer.o)
                0x000054c8                _write_r
 .text          0x000054ec       0x20 c:/program files (x86)/atmel/atmel toolchain/arm gcc/native/4.7.3.1029/arm-gnu-toolchain/bin/../lib/gcc/arm-none-eabi/4.7.3/../../../../arm-none-eabi/lib/armv7e-m\libc.a(lib_a-closer.o)
                0x000054ec                _close_r
 .text          0x0000550c       0x94 c:/program files (x86)/atmel/atmel toolchain/arm gcc/native/4.7.3.1029/arm-gnu-toolchain/bin/../lib/gcc/arm-none-eabi/4.7.3/../../../../arm-none-eabi/lib/armv7e-m\libc.a(lib_a-fclose.o)
                0x0000550c                _fclose_r
                0x00005590                fclose
 .text          0x000055a0       0x24 c:/program files (x86)/atmel/atmel toolchain/arm gcc/native/4.7.3.1029/arm-gnu-toolchain/bin/../lib/gcc/arm-none-eabi/4.7.3/../../../../arm-none-eabi/lib/armv7e-m\libc.a(lib_a-fstatr.o)
                0x000055a0                _fstat_r
 .text          0x000055c4       0x20 c:/program files (x86)/atmel/atmel toolchain/arm gcc/native/4.7.3.1029/arm-gnu-toolchain/bin/../lib/gcc/arm-none-eabi/4.7.3/../../../../arm-none-eabi/lib/armv7e-m\libc.a(lib_a-isattyr.o)
                0x000055c4                _isatty_r
 .text          0x000055e4       0x24 c:/program files (x86)/atmel/atmel toolchain/arm gcc/native/4.7.3.1029/arm-gnu-toolchain/bin/../lib/gcc/arm-none-eabi/4.7.3/../../../../arm-none-eabi/lib/armv7e-m\libc.a(lib_a-lseekr.o)
                0x000055e4                _lseek_r
 .text          0x00005608       0x24 c:/program files (x86)/atmel/atmel toolchain/arm gcc/native/4.7.3.1029/arm-gnu-toolchain/bin/../lib/gcc/arm-none-eabi/4.7.3/../../../../arm-none-eabi/lib/armv7e-m\libc.a(lib_a-readr.o)
                0x00005608                _read_r
 .text          0x0000562c       0x2c c:/program files (x86)/atmel/atmel toolchain/arm gcc/native/4.7.3.1029/arm-gnu-toolchain/bin/../lib/gcc/arm-none-eabi/4.7.3/armv7e-m\libgcc.a(_aeabi_uldivmod.o)
                0x0000562c                __aeabi_uldivmod
 .text          0x00005658       0x58 c:/program files (x86)/atmel/atmel toolchain/arm gcc/native/4.7.3.1029/arm-gnu-toolchain/bin/../lib/gcc/arm-none-eabi/4.7.3/armv7e-m\libgcc.a(bpabi.o)
                0x00005658                __gnu_ldivmod_helper
                0x00005684                __gnu_uldivmod_helper
 .text          0x000056b0        0x4 c:/program files (x86)/atmel/atmel toolchain/arm gcc/native/4.7.3.1029/arm-gnu-toolchain/bin/../lib/gcc/arm-none-eabi/4.7.3/armv7e-m\libgcc.a(_dvmd_tls.o)
                0x000056b0                __aeabi_idiv0
                0x000056b0                __aeabi_ldiv0
 .text          0x000056b4      0x2bc c:/program files (x86)/atmel/atmel toolchain/arm gcc/native/4.7.3.1029/arm-gnu-toolchain/bin/../lib/gcc/arm-none-eabi/4.7.3/armv7e-m\libgcc.a(_divdi3.o)
                0x000056b4                __divdi3
 .text          0x00005970      0x288 c:/program files (x86)/atmel/atmel toolchain/arm gcc/native/4.7.3.1029/arm-gnu-toolchain/bin/../lib/gcc/arm-none-eabi/4.7.3/armv7e-m\libgcc.a(_udivdi3.o)
                0x00005970                __udivdi3
 *(.glue_7t)
 .glue_7t       0x00000000        0x0 linker stubs
 *(.glue_7)
 .glue_7        0x00000000        0x0 linker stubs
 *(.rodata .rodata* .gnu.linkonce.r.*)
 .rodata.default_settings
                0x00005bf8      0x150 src/ov7670.o
                0x00005bf8                default_settings
 .rodata.str1.4
                0x00005d48       0x44 src/ov7670.o
 .rodata.str1.4
                0x00005d8c       0x4c src/main.o
 .rodata        0x00005dd8        0x4 c:/program files (x86)/atmel/atmel toolchain/arm gcc/native/4.7.3.1029/arm-gnu-toolchain/bin/../lib/gcc/arm-none-eabi/4.7.3/../../../../arm-none-eabi/lib/armv7e-m\libc.a(lib_a-impure.o)
                0x00005dd8                _global_impure_ptr
 .rodata.str1.1
                0x00005ddc        0x2 c:/program files (x86)/atmel/atmel toolchain/arm gcc/native/4.7.3.1029/arm-gnu-toolchain/bin/../lib/gcc/arm-none-eabi/4.7.3/../../../../arm-none-eabi/lib/armv7e-m\libc.a(lib_a-impure.o)
 .rodata.str1.1
                0x00005dde        0x2 c:/program files (x86)/atmel/atmel toolchain/arm gcc/native/4.7.3.1029/arm-gnu-toolchain/bin/../lib/gcc/arm-none-eabi/4.7.3/../../../../arm-none-eabi/lib/armv7e-m\libc.a(lib_a-puts.o)
 .rodata        0x00005de0       0x20 c:/program files (x86)/atmel/atmel toolchain/arm gcc/native/4.7.3.1029/arm-gnu-toolchain/bin/../lib/gcc/arm-none-eabi/4.7.3/../../../../arm-none-eabi/lib/armv7e-m\libc.a(lib_a-vfiprintf.o)
 .rodata.str1.1
                0x00005e00       0x22 c:/program files (x86)/atmel/atmel toolchain/arm gcc/native/4.7.3.1029/arm-gnu-toolchain/bin/../lib/gcc/arm-none-eabi/4.7.3/../../../../arm-none-eabi/lib/armv7e-m\libc.a(lib_a-vfiprintf.o)
 .rodata.str1.1
                0x00005e22        0x8 c:/program files (x86)/atmel/atmel toolchain/arm gcc/native/4.7.3.1029/arm-gnu-toolchain/bin/../lib/gcc/arm-none-eabi/4.7.3/../../../../arm-none-eabi/lib/armv7e-m\libc.a(lib_a-locale.o)
                                  0xb (size before relaxing)
 *(.ARM.extab* .gnu.linkonce.armextab.*)
                0x00005e2c                . = ALIGN (0x4)
 *fill*         0x00005e2a        0x2 00
 *(.init)
 .init          0x00005e2c        0x4 c:/program files (x86)/atmel/atmel toolchain/arm gcc/native/4.7.3.1029/arm-gnu-toolchain/bin/../lib/gcc/arm-none-eabi/4.7.3/armv7e-m/crti.o
                0x00005e2c                _init
 .init          0x00005e30        0x8 c:/program files (x86)/atmel/atmel toolchain/arm gcc/native/4.7.3.1029/arm-gnu-toolchain/bin/../lib/gcc/arm-none-eabi/4.7.3/armv7e-m/crtn.o
                0x00005e38                . = ALIGN (0x4)
                0x00005e38                __preinit_array_start = .
 *(.preinit_array)
                0x00005e38                __preinit_array_end = .
                0x00005e38                . = ALIGN (0x4)
                0x00005e38                __init_array_start = .
 *(SORT(.init_array.*))
 .init_array.00000
                0x00005e38        0x4 c:/program files (x86)/atmel/atmel toolchain/arm gcc/native/4.7.3.1029/arm-gnu-toolchain/bin/../lib/gcc/arm-none-eabi/4.7.3/../../../../arm-none-eabi/lib/armv7e-m\libc.a(lib_a-__call_atexit.o)
 *(.init_array)
 .init_array    0x00005e3c        0x4 c:/program files (x86)/atmel/atmel toolchain/arm gcc/native/4.7.3.1029/arm-gnu-toolchain/bin/../lib/gcc/arm-none-eabi/4.7.3/armv7e-m/crtbegin.o
                0x00005e40                __init_array_end = .
                0x00005e40                . = ALIGN (0x4)
 *crtbegin.o(.ctors)
 *(EXCLUDE_FILE(*crtend.o) .ctors)
 *(SORT(.ctors.*))
 *crtend.o(.ctors)
                0x00005e40                . = ALIGN (0x4)
 *(.fini)
 .fini          0x00005e40        0x4 c:/program files (x86)/atmel/atmel toolchain/arm gcc/native/4.7.3.1029/arm-gnu-toolchain/bin/../lib/gcc/arm-none-eabi/4.7.3/armv7e-m/crti.o
                0x00005e40                _fini
 .fini          0x00005e44        0x8 c:/program files (x86)/atmel/atmel toolchain/arm gcc/native/4.7.3.1029/arm-gnu-toolchain/bin/../lib/gcc/arm-none-eabi/4.7.3/armv7e-m/crtn.o
                0x00005e4c                . = ALIGN (0x4)
                0x00005e4c                __fini_array_start = .
 *(.fini_array)
 .fini_array    0x00005e4c        0x4 c:/program files (x86)/atmel/atmel toolchain/arm gcc/native/4.7.3.1029/arm-gnu-toolchain/bin/../lib/gcc/arm-none-eabi/4.7.3/armv7e-m/crtbegin.o
 *(SORT(.fini_array.*))
                0x00005e50                __fini_array_end = .
 *crtbegin.o(.dtors)
 *(EXCLUDE_FILE(*crtend.o) .dtors)
 *(SORT(.dtors.*))
 *crtend.o(.dtors)
                0x00005e50                . = ALIGN (0x4)
                0x00005e50                _efixed = .
                0x00005e50                PROVIDE (__exidx_start, .)

.vfp11_veneer   0x00005e50        0x0
 .vfp11_veneer  0x00000000        0x0 linker stubs

.v4_bx          0x00005e50        0x0
 .v4_bx         0x00000000        0x0 linker stubs

.iplt           0x00005e50        0x0
 .iplt          0x00000000        0x0 c:/program files (x86)/atmel/atmel toolchain/arm gcc/native/4.7.3.1029/arm-gnu-toolchain/bin/../lib/gcc/arm-none-eabi/4.7.3/armv7e-m/crtbegin.o

.ARM.exidx      0x00005e50        0x8
 *(.ARM.exidx* .gnu.linkonce.armexidx.*)
 .ARM.exidx     0x00005e50        0x8 c:/program files (x86)/atmel/atmel toolchain/arm gcc/native/4.7.3.1029/arm-gnu-toolchain/bin/../lib/gcc/arm-none-eabi/4.7.3/armv7e-m\libgcc.a(_divdi3.o)
 .ARM.exidx     0x00005e58        0x0 c:/program files (x86)/atmel/atmel toolchain/arm gcc/native/4.7.3.1029/arm-gnu-toolchain/bin/../lib/gcc/arm-none-eabi/4.7.3/armv7e-m\libgcc.a(_udivdi3.o)
                                  0x8 (size before relaxing)
                0x00005e58                PROVIDE (__exidx_end, .)

.eh_frame       0x00005e58        0x0
 .eh_frame      0x00005e58        0x0 c:/program files (x86)/atmel/atmel toolchain/arm gcc/native/4.7.3.1029/arm-gnu-toolchain/bin/../lib/gcc/arm-none-eabi/4.7.3/armv7e-m/crtbegin.o

.rel.dyn        0x00005e58        0x0
 .rel.iplt      0x00000000        0x0 c:/program files (x86)/atmel/atmel toolchain/arm gcc/native/4.7.3.1029/arm-gnu-toolchain/bin/../lib/gcc/arm-none-eabi/4.7.3/armv7e-m/crtbegin.o

.jcr            0x00005e58        0x0
 .jcr           0x00005e58        0x0 c:/program files (x86)/atmel/atmel toolchain/arm gcc/native/4.7.3.1029/arm-gnu-toolchain/bin/../lib/gcc/arm-none-eabi/4.7.3/armv7e-m/crtbegin.o

.tm_clone_table
                0x00005e58        0x0
 .tm_clone_table
                0x00005e58        0x0 c:/program files (x86)/atmel/atmel toolchain/arm gcc/native/4.7.3.1029/arm-gnu-toolchain/bin/../lib/gcc/arm-none-eabi/4.7.3/armv7e-m/crtbegin.o
 .tm_clone_table
                0x00005e58        0x0 c:/program files (x86)/atmel/atmel toolchain/arm gcc/native/4.7.3.1029/arm-gnu-toolchain/bin/../lib/gcc/arm-none-eabi/4.7.3/armv7e-m/crtend.o

.igot.plt       0x00005e58        0x0
 .igot.plt      0x00000000        0x0 c:/program files (x86)/atmel/atmel toolchain/arm gcc/native/4.7.3.1029/arm-gnu-toolchain/bin/../lib/gcc/arm-none-eabi/4.7.3/armv7e-m/crtbegin.o
                0x00005e58                . = ALIGN (0x4)
                0x00005e58                _etext = .

.relocate       0x20000000      0x910 load address 0x00005e58
                0x20000000                . = ALIGN (0x4)
                0x20000000                _srelocate = .
 *(.ramfunc .ramfunc.*)
 .ramfunc       0x20000000        0xc src/ASF/common/services/delay/sam/cycle_counter.o
                0x20000000                portable_delay_cycles
 .ramfunc       0x2000000c       0x38 src/ASF/sam/drivers/bpm/bpm.o
                0x2000000c                bpm_ps_no_halt_exec
 *(.data .data.*)
 .data.g_interrupt_enabled
                0x20000044        0x1 src/ASF/common/utils/interrupt/interrupt_sam_nvic.o
                0x20000044                g_interrupt_enabled
 *fill*         0x20000045        0x3 00
 .data.flashcalw_wait_until_ready
                0x20000048        0x4 src/ASF/sam/drivers/flashcalw/flashcalw.o
                0x20000048                flashcalw_wait_until_ready
 *fill*         0x2000004c        0x4 00
 .data          0x20000050      0x430 c:/program files (x86)/atmel/atmel toolchain/arm gcc/native/4.7.3.1029/arm-gnu-toolchain/bin/../lib/gcc/arm-none-eabi/4.7.3/../../../../arm-none-eabi/lib/armv7e-m\libc.a(lib_a-impure.o)
                0x20000050                _impure_ptr
 .data          0x20000480       0x7c c:/program files (x86)/atmel/atmel toolchain/arm gcc/native/4.7.3.1029/arm-gnu-toolchain/bin/../lib/gcc/arm-none-eabi/4.7.3/../../../../arm-none-eabi/lib/armv7e-m\libc.a(lib_a-locale.o)
                0x200004a0                __mb_cur_max
 .data          0x200004fc      0x410 c:/program files (x86)/atmel/atmel toolchain/arm gcc/native/4.7.3.1029/arm-gnu-toolchain/bin/../lib/gcc/arm-none-eabi/4.7.3/../../../../arm-none-eabi/lib/armv7e-m\libc.a(lib_a-mallocr.o)
                0x200004fc                __malloc_av_
                0x20000904                __malloc_sbrk_base
                0x20000908                __malloc_trim_threshold
 .data          0x2000090c        0x4 c:/program files (x86)/atmel/atmel toolchain/arm gcc/native/4.7.3.1029/arm-gnu-toolchain/bin/../lib/gcc/arm-none-eabi/4.7.3/../../../../arm-none-eabi/lib/armv7e-m\libc.a(lib_a-wctomb_r.o)
                0x2000090c                __wctomb
                0x20000910                . = ALIGN (0x4)
                0x20000910                _erelocate = .

.bss            0x20000910      0x198 load address 0x00006768
                0x20000910                . = ALIGN (0x4)
                0x20000910                _sbss = .
                0x20000910                _szero = .
 *(.bss .bss.*)
 .bss           0x20000910       0x1c c:/program files (x86)/atmel/atmel toolchain/arm gcc/native/4.7.3.1029/arm-gnu-toolchain/bin/../lib/gcc/arm-none-eabi/4.7.3/armv7e-m/crtbegin.o
 .bss.gpio_nb_sources
                0x2000092c        0x4 src/ASF/sam/drivers/gpio/gpio.o
 .bss.gpio_int_sources
                0x20000930       0x30 src/ASF/sam/drivers/gpio/gpio.o
 .bss.write_data
                0x20000960        0x4 src/ov7670.o
                0x20000960                write_data
 .bss.cpu_speed
                0x20000964        0x4 src/ov7670.o
                0x20000964                cpu_speed
 .bss.twim_rx_data
                0x20000968       0x10 src/ASF/sam/drivers/twim/twim.o
 .bss.twim_rx_nb_bytes
                0x20000978       0x10 src/ASF/sam/drivers/twim/twim.o
 .bss.transfer_status
                0x20000988        0x4 src/ASF/sam/drivers/twim/twim.o
 .bss.twim_tx_data
                0x2000098c       0x10 src/ASF/sam/drivers/twim/twim.o
 .bss.twim_it_mask
                0x2000099c       0x10 src/ASF/sam/drivers/twim/twim.o
 .bss.twim_next
                0x200009ac        0x4 src/ASF/sam/drivers/twim/twim.o
 .bss.twim_package
                0x200009b0       0x10 src/ASF/sam/drivers/twim/twim.o
 .bss.twim_tx_nb_bytes
                0x200009c0       0x10 src/ASF/sam/drivers/twim/twim.o
 .bss.ul_reg_val.7843
                0x200009d0        0x4 src/ASF/sam/drivers/usart/usart.o
 .bss.flashcalw_error_status
                0x200009d4        0x4 src/ASF/sam/drivers/flashcalw/flashcalw.o
 .bss.heap.5084
                0x200009d8        0x4 src/ASF/sam/utils/syscalls/gcc/syscalls.o
 .bss           0x200009dc       0x34 c:/program files (x86)/atmel/atmel toolchain/arm gcc/native/4.7.3.1029/arm-gnu-toolchain/bin/../lib/gcc/arm-none-eabi/4.7.3/../../../../arm-none-eabi/lib/armv7e-m\libc.a(lib_a-mallocr.o)
                0x200009dc                __malloc_top_pad
                0x200009e0                __malloc_current_mallinfo
                0x20000a08                __malloc_max_sbrked_mem
                0x20000a0c                __malloc_max_total_mem
 *(COMMON)
 COMMON         0x20000a10       0x30 src/ov7670.o
                0x20000a10                packet_rx
                0x20000a24                VSYNC_Count
                0x20000a28                read_data
                0x20000a2c                packet_tx
 COMMON         0x20000a40        0x8 src/ASF/common/services/sleepmgr/sam4l/sleepmgr.o
                0x20000a40                sleepmgr_locks
 COMMON         0x20000a48        0x4 src/ASF/common/utils/stdio/read.o
                0x20000a48                ptr_get
 COMMON         0x20000a4c        0x8 src/ASF/common/utils/stdio/write.o
                0x20000a4c                ptr_put
                0x20000a50                stdio_base
 COMMON         0x20000a54       0x40 src/ASF/sam/drivers/pdca/pdca.o
                0x20000a54                pdca_callback_pointer
 COMMON         0x20000a94       0x10 src/ASF/sam/drivers/twim/twim.o
                0x20000a94                twim_callback_pointer
 COMMON         0x20000aa4        0x4 c:/program files (x86)/atmel/atmel toolchain/arm gcc/native/4.7.3.1029/arm-gnu-toolchain/bin/../lib/gcc/arm-none-eabi/4.7.3/../../../../arm-none-eabi/lib/armv7e-m\libc.a(lib_a-reent.o)
                0x20000aa4                errno
                0x20000aa8                . = ALIGN (0x4)
                0x20000aa8                _ebss = .
                0x20000aa8                _ezero = .

.stack          0x20000aa8     0x1000 load address 0x00006900
                0x20000aa8                . = ALIGN (0x8)
                0x20000aa8                _sstack = .
                0x20001aa8                . = (. + __stack_size__)
 *fill*         0x20000aa8     0x1000 00
                0x20001aa8                . = ALIGN (0x8)
                0x20001aa8                _estack = .
                0x20001aa8                . = ALIGN (0x4)
                0x20001aa8                _end = .
OUTPUT(Camera.elf elf32-littlearm)

.ARM.attributes
                0x00000000       0x2a
 .ARM.attributes
                0x00000000       0x1e c:/program files (x86)/atmel/atmel toolchain/arm gcc/native/4.7.3.1029/arm-gnu-toolchain/bin/../lib/gcc/arm-none-eabi/4.7.3/armv7e-m/crti.o
 .ARM.attributes
                0x0000001e       0x2e c:/program files (x86)/atmel/atmel toolchain/arm gcc/native/4.7.3.1029/arm-gnu-toolchain/bin/../lib/gcc/arm-none-eabi/4.7.3/armv7e-m/crtbegin.o
 .ARM.attributes
                0x0000004c       0x33 src/ASF/common/services/delay/sam/cycle_counter.o
 .ARM.attributes
                0x0000007f       0x33 src/ASF/sam/drivers/events/events.o
 .ARM.attributes
                0x000000b2       0x33 src/ASF/sam/drivers/gpio/gpio.o
 .ARM.attributes
                0x000000e5       0x33 src/ov7670.o
 .ARM.attributes
                0x00000118       0x33 src/ASF/common/services/sleepmgr/sam4l/sleepmgr.o
 .ARM.attributes
                0x0000014b       0x33 src/ASF/common/utils/stdio/read.o
 .ARM.attributes
                0x0000017e       0x33 src/ASF/common/utils/stdio/write.o
 .ARM.attributes
                0x000001b1       0x33 src/ASF/sam/drivers/pdca/pdca.o
 .ARM.attributes
                0x000001e4       0x33 src/ASF/sam/drivers/twim/twim.o
 .ARM.attributes
                0x00000217       0x33 src/ASF/sam/drivers/usart/usart.o
 .ARM.attributes
                0x0000024a       0x33 src/main.o
 .ARM.attributes
                0x0000027d       0x33 src/ASF/common/services/clock/sam4l/dfll.o
 .ARM.attributes
                0x000002b0       0x33 src/ASF/common/services/clock/sam4l/osc.o
 .ARM.attributes
                0x000002e3       0x33 src/ASF/common/services/clock/sam4l/sysclk.o
 .ARM.attributes
                0x00000316       0x33 src/ASF/common/utils/interrupt/interrupt_sam_nvic.o
 .ARM.attributes
                0x00000349       0x33 src/ASF/sam/boards/sam4l_xplained_pro/init.o
 .ARM.attributes
                0x0000037c       0x33 src/ASF/sam/drivers/bpm/bpm.o
 .ARM.attributes
                0x000003af       0x33 src/ASF/sam/drivers/flashcalw/flashcalw.o
 .ARM.attributes
                0x000003e2       0x33 src/ASF/sam/drivers/wdt/wdt_sam4l.o
 .ARM.attributes
                0x00000415       0x33 src/ASF/sam/utils/cmsis/sam4l/source/templates/exceptions.o
 .ARM.attributes
                0x00000448       0x33 src/ASF/sam/utils/cmsis/sam4l/source/templates/gcc/startup_sam4l.o
 .ARM.attributes
                0x0000047b       0x33 src/ASF/sam/utils/syscalls/gcc/syscalls.o
 .ARM.attributes
                0x000004ae       0x2e c:/program files (x86)/atmel/atmel toolchain/arm gcc/native/4.7.3.1029/arm-gnu-toolchain/bin/../lib/gcc/arm-none-eabi/4.7.3/../../../../arm-none-eabi/lib/armv7e-m\libc.a(lib_a-__atexit.o)
 .ARM.attributes
                0x000004dc       0x2e c:/program files (x86)/atmel/atmel toolchain/arm gcc/native/4.7.3.1029/arm-gnu-toolchain/bin/../lib/gcc/arm-none-eabi/4.7.3/../../../../arm-none-eabi/lib/armv7e-m\libc.a(lib_a-fini.o)
 .ARM.attributes
                0x0000050a       0x2e c:/program files (x86)/atmel/atmel toolchain/arm gcc/native/4.7.3.1029/arm-gnu-toolchain/bin/../lib/gcc/arm-none-eabi/4.7.3/../../../../arm-none-eabi/lib/armv7e-m\libc.a(lib_a-impure.o)
 .ARM.attributes
                0x00000538       0x2e c:/program files (x86)/atmel/atmel toolchain/arm gcc/native/4.7.3.1029/arm-gnu-toolchain/bin/../lib/gcc/arm-none-eabi/4.7.3/../../../../arm-none-eabi/lib/armv7e-m\libc.a(lib_a-init.o)
 .ARM.attributes
                0x00000566       0x2e c:/program files (x86)/atmel/atmel toolchain/arm gcc/native/4.7.3.1029/arm-gnu-toolchain/bin/../lib/gcc/arm-none-eabi/4.7.3/../../../../arm-none-eabi/lib/armv7e-m\libc.a(lib_a-iprintf.o)
 .ARM.attributes
                0x00000594       0x2e c:/program files (x86)/atmel/atmel toolchain/arm gcc/native/4.7.3.1029/arm-gnu-toolchain/bin/../lib/gcc/arm-none-eabi/4.7.3/../../../../arm-none-eabi/lib/armv7e-m\libc.a(lib_a-memset.o)
 .ARM.attributes
                0x000005c2       0x2e c:/program files (x86)/atmel/atmel toolchain/arm gcc/native/4.7.3.1029/arm-gnu-toolchain/bin/../lib/gcc/arm-none-eabi/4.7.3/../../../../arm-none-eabi/lib/armv7e-m\libc.a(lib_a-puts.o)
 .ARM.attributes
                0x000005f0       0x2e c:/program files (x86)/atmel/atmel toolchain/arm gcc/native/4.7.3.1029/arm-gnu-toolchain/bin/../lib/gcc/arm-none-eabi/4.7.3/../../../../arm-none-eabi/lib/armv7e-m\libc.a(lib_a-setbuf.o)
 .ARM.attributes
                0x0000061e       0x2e c:/program files (x86)/atmel/atmel toolchain/arm gcc/native/4.7.3.1029/arm-gnu-toolchain/bin/../lib/gcc/arm-none-eabi/4.7.3/../../../../arm-none-eabi/lib/armv7e-m\libc.a(lib_a-setvbuf.o)
 .ARM.attributes
                0x0000064c       0x2e c:/program files (x86)/atmel/atmel toolchain/arm gcc/native/4.7.3.1029/arm-gnu-toolchain/bin/../lib/gcc/arm-none-eabi/4.7.3/../../../../arm-none-eabi/lib/armv7e-m\libc.a(lib_a-strlen.o)
 .ARM.attributes
                0x0000067a       0x2e c:/program files (x86)/atmel/atmel toolchain/arm gcc/native/4.7.3.1029/arm-gnu-toolchain/bin/../lib/gcc/arm-none-eabi/4.7.3/../../../../arm-none-eabi/lib/armv7e-m\libc.a(lib_a-vfiprintf.o)
 .ARM.attributes
                0x000006a8       0x2e c:/program files (x86)/atmel/atmel toolchain/arm gcc/native/4.7.3.1029/arm-gnu-toolchain/bin/../lib/gcc/arm-none-eabi/4.7.3/../../../../arm-none-eabi/lib/armv7e-m\libc.a(lib_a-wsetup.o)
 .ARM.attributes
                0x000006d6       0x2e c:/program files (x86)/atmel/atmel toolchain/arm gcc/native/4.7.3.1029/arm-gnu-toolchain/bin/../lib/gcc/arm-none-eabi/4.7.3/../../../../arm-none-eabi/lib/armv7e-m\libc.a(lib_a-__call_atexit.o)
 .ARM.attributes
                0x00000704       0x2e c:/program files (x86)/atmel/atmel toolchain/arm gcc/native/4.7.3.1029/arm-gnu-toolchain/bin/../lib/gcc/arm-none-eabi/4.7.3/../../../../arm-none-eabi/lib/armv7e-m\libc.a(lib_a-atexit.o)
 .ARM.attributes
                0x00000732       0x2e c:/program files (x86)/atmel/atmel toolchain/arm gcc/native/4.7.3.1029/arm-gnu-toolchain/bin/../lib/gcc/arm-none-eabi/4.7.3/../../../../arm-none-eabi/lib/armv7e-m\libc.a(lib_a-fflush.o)
 .ARM.attributes
                0x00000760       0x2e c:/program files (x86)/atmel/atmel toolchain/arm gcc/native/4.7.3.1029/arm-gnu-toolchain/bin/../lib/gcc/arm-none-eabi/4.7.3/../../../../arm-none-eabi/lib/armv7e-m\libc.a(lib_a-findfp.o)
 .ARM.attributes
                0x0000078e       0x2e c:/program files (x86)/atmel/atmel toolchain/arm gcc/native/4.7.3.1029/arm-gnu-toolchain/bin/../lib/gcc/arm-none-eabi/4.7.3/../../../../arm-none-eabi/lib/armv7e-m\libc.a(lib_a-fputwc.o)
 .ARM.attributes
                0x000007bc       0x2e c:/program files (x86)/atmel/atmel toolchain/arm gcc/native/4.7.3.1029/arm-gnu-toolchain/bin/../lib/gcc/arm-none-eabi/4.7.3/../../../../arm-none-eabi/lib/armv7e-m\libc.a(lib_a-freer.o)
 .ARM.attributes
                0x000007ea       0x2e c:/program files (x86)/atmel/atmel toolchain/arm gcc/native/4.7.3.1029/arm-gnu-toolchain/bin/../lib/gcc/arm-none-eabi/4.7.3/../../../../arm-none-eabi/lib/armv7e-m\libc.a(lib_a-fvwrite.o)
 .ARM.attributes
                0x00000818       0x2e c:/program files (x86)/atmel/atmel toolchain/arm gcc/native/4.7.3.1029/arm-gnu-toolchain/bin/../lib/gcc/arm-none-eabi/4.7.3/../../../../arm-none-eabi/lib/armv7e-m\libc.a(lib_a-fwalk.o)
 .ARM.attributes
                0x00000846       0x2e c:/program files (x86)/atmel/atmel toolchain/arm gcc/native/4.7.3.1029/arm-gnu-toolchain/bin/../lib/gcc/arm-none-eabi/4.7.3/../../../../arm-none-eabi/lib/armv7e-m\libc.a(lib_a-locale.o)
 .ARM.attributes
                0x00000874       0x2e c:/program files (x86)/atmel/atmel toolchain/arm gcc/native/4.7.3.1029/arm-gnu-toolchain/bin/../lib/gcc/arm-none-eabi/4.7.3/../../../../arm-none-eabi/lib/armv7e-m\libc.a(lib_a-makebuf.o)
 .ARM.attributes
                0x000008a2       0x2e c:/program files (x86)/atmel/atmel toolchain/arm gcc/native/4.7.3.1029/arm-gnu-toolchain/bin/../lib/gcc/arm-none-eabi/4.7.3/../../../../arm-none-eabi/lib/armv7e-m\libc.a(lib_a-malloc.o)
 .ARM.attributes
                0x000008d0       0x2e c:/program files (x86)/atmel/atmel toolchain/arm gcc/native/4.7.3.1029/arm-gnu-toolchain/bin/../lib/gcc/arm-none-eabi/4.7.3/../../../../arm-none-eabi/lib/armv7e-m\libc.a(lib_a-mallocr.o)
 .ARM.attributes
                0x000008fe       0x2e c:/program files (x86)/atmel/atmel toolchain/arm gcc/native/4.7.3.1029/arm-gnu-toolchain/bin/../lib/gcc/arm-none-eabi/4.7.3/../../../../arm-none-eabi/lib/armv7e-m\libc.a(lib_a-memchr.o)
 .ARM.attributes
                0x0000092c       0x2e c:/program files (x86)/atmel/atmel toolchain/arm gcc/native/4.7.3.1029/arm-gnu-toolchain/bin/../lib/gcc/arm-none-eabi/4.7.3/../../../../arm-none-eabi/lib/armv7e-m\libc.a(lib_a-memcpy.o)
 .ARM.attributes
                0x0000095a       0x2e c:/program files (x86)/atmel/atmel toolchain/arm gcc/native/4.7.3.1029/arm-gnu-toolchain/bin/../lib/gcc/arm-none-eabi/4.7.3/../../../../arm-none-eabi/lib/armv7e-m\libc.a(lib_a-memmove.o)
 .ARM.attributes
                0x00000988       0x2e c:/program files (x86)/atmel/atmel toolchain/arm gcc/native/4.7.3.1029/arm-gnu-toolchain/bin/../lib/gcc/arm-none-eabi/4.7.3/../../../../arm-none-eabi/lib/armv7e-m\libc.a(lib_a-mlock.o)
 .ARM.attributes
                0x000009b6       0x2e c:/program files (x86)/atmel/atmel toolchain/arm gcc/native/4.7.3.1029/arm-gnu-toolchain/bin/../lib/gcc/arm-none-eabi/4.7.3/../../../../arm-none-eabi/lib/armv7e-m\libc.a(lib_a-reallocr.o)
 .ARM.attributes
                0x000009e4       0x2e c:/program files (x86)/atmel/atmel toolchain/arm gcc/native/4.7.3.1029/arm-gnu-toolchain/bin/../lib/gcc/arm-none-eabi/4.7.3/../../../../arm-none-eabi/lib/armv7e-m\libc.a(lib_a-sbrkr.o)
 .ARM.attributes
                0x00000a12       0x2e c:/program files (x86)/atmel/atmel toolchain/arm gcc/native/4.7.3.1029/arm-gnu-toolchain/bin/../lib/gcc/arm-none-eabi/4.7.3/../../../../arm-none-eabi/lib/armv7e-m\libc.a(lib_a-stdio.o)
 .ARM.attributes
                0x00000a40       0x2e c:/program files (x86)/atmel/atmel toolchain/arm gcc/native/4.7.3.1029/arm-gnu-toolchain/bin/../lib/gcc/arm-none-eabi/4.7.3/../../../../arm-none-eabi/lib/armv7e-m\libc.a(lib_a-strcmp.o)
 .ARM.attributes
                0x00000a6e       0x2e c:/program files (x86)/atmel/atmel toolchain/arm gcc/native/4.7.3.1029/arm-gnu-toolchain/bin/../lib/gcc/arm-none-eabi/4.7.3/../../../../arm-none-eabi/lib/armv7e-m\libc.a(lib_a-wbuf.o)
 .ARM.attributes
                0x00000a9c       0x2e c:/program files (x86)/atmel/atmel toolchain/arm gcc/native/4.7.3.1029/arm-gnu-toolchain/bin/../lib/gcc/arm-none-eabi/4.7.3/../../../../arm-none-eabi/lib/armv7e-m\libc.a(lib_a-wcrtomb.o)
 .ARM.attributes
                0x00000aca       0x2e c:/program files (x86)/atmel/atmel toolchain/arm gcc/native/4.7.3.1029/arm-gnu-toolchain/bin/../lib/gcc/arm-none-eabi/4.7.3/../../../../arm-none-eabi/lib/armv7e-m\libc.a(lib_a-wctomb_r.o)
 .ARM.attributes
                0x00000af8       0x2e c:/program files (x86)/atmel/atmel toolchain/arm gcc/native/4.7.3.1029/arm-gnu-toolchain/bin/../lib/gcc/arm-none-eabi/4.7.3/../../../../arm-none-eabi/lib/armv7e-m\libc.a(lib_a-writer.o)
 .ARM.attributes
                0x00000b26       0x2e c:/program files (x86)/atmel/atmel toolchain/arm gcc/native/4.7.3.1029/arm-gnu-toolchain/bin/../lib/gcc/arm-none-eabi/4.7.3/../../../../arm-none-eabi/lib/armv7e-m\libc.a(lib_a-closer.o)
 .ARM.attributes
                0x00000b54       0x2e c:/program files (x86)/atmel/atmel toolchain/arm gcc/native/4.7.3.1029/arm-gnu-toolchain/bin/../lib/gcc/arm-none-eabi/4.7.3/../../../../arm-none-eabi/lib/armv7e-m\libc.a(lib_a-fclose.o)
 .ARM.attributes
                0x00000b82       0x2e c:/program files (x86)/atmel/atmel toolchain/arm gcc/native/4.7.3.1029/arm-gnu-toolchain/bin/../lib/gcc/arm-none-eabi/4.7.3/../../../../arm-none-eabi/lib/armv7e-m\libc.a(lib_a-fstatr.o)
 .ARM.attributes
                0x00000bb0       0x2e c:/program files (x86)/atmel/atmel toolchain/arm gcc/native/4.7.3.1029/arm-gnu-toolchain/bin/../lib/gcc/arm-none-eabi/4.7.3/../../../../arm-none-eabi/lib/armv7e-m\libc.a(lib_a-isattyr.o)
 .ARM.attributes
                0x00000bde       0x2e c:/program files (x86)/atmel/atmel toolchain/arm gcc/native/4.7.3.1029/arm-gnu-toolchain/bin/../lib/gcc/arm-none-eabi/4.7.3/../../../../arm-none-eabi/lib/armv7e-m\libc.a(lib_a-lseekr.o)
 .ARM.attributes
                0x00000c0c       0x2e c:/program files (x86)/atmel/atmel toolchain/arm gcc/native/4.7.3.1029/arm-gnu-toolchain/bin/../lib/gcc/arm-none-eabi/4.7.3/../../../../arm-none-eabi/lib/armv7e-m\libc.a(lib_a-readr.o)
 .ARM.attributes
                0x00000c3a       0x2e c:/program files (x86)/atmel/atmel toolchain/arm gcc/native/4.7.3.1029/arm-gnu-toolchain/bin/../lib/gcc/arm-none-eabi/4.7.3/../../../../arm-none-eabi/lib/armv7e-m\libc.a(lib_a-reent.o)
 .ARM.attributes
                0x00000c68       0x1e c:/program files (x86)/atmel/atmel toolchain/arm gcc/native/4.7.3.1029/arm-gnu-toolchain/bin/../lib/gcc/arm-none-eabi/4.7.3/armv7e-m\libgcc.a(_aeabi_uldivmod.o)
 .ARM.attributes
                0x00000c86       0x2e c:/program files (x86)/atmel/atmel toolchain/arm gcc/native/4.7.3.1029/arm-gnu-toolchain/bin/../lib/gcc/arm-none-eabi/4.7.3/armv7e-m\libgcc.a(bpabi.o)
 .ARM.attributes
                0x00000cb4       0x1e c:/program files (x86)/atmel/atmel toolchain/arm gcc/native/4.7.3.1029/arm-gnu-toolchain/bin/../lib/gcc/arm-none-eabi/4.7.3/armv7e-m\libgcc.a(_dvmd_tls.o)
 .ARM.attributes
                0x00000cd2       0x2e c:/program files (x86)/atmel/atmel toolchain/arm gcc/native/4.7.3.1029/arm-gnu-toolchain/bin/../lib/gcc/arm-none-eabi/4.7.3/armv7e-m\libgcc.a(_divdi3.o)
 .ARM.attributes
                0x00000d00       0x2e c:/program files (x86)/atmel/atmel toolchain/arm gcc/native/4.7.3.1029/arm-gnu-toolchain/bin/../lib/gcc/arm-none-eabi/4.7.3/armv7e-m\libgcc.a(_udivdi3.o)
 .ARM.attributes
                0x00000d2e       0x2e c:/program files (x86)/atmel/atmel toolchain/arm gcc/native/4.7.3.1029/arm-gnu-toolchain/bin/../lib/gcc/arm-none-eabi/4.7.3/armv7e-m/crtend.o
 .ARM.attributes
                0x00000d5c       0x1e c:/program files (x86)/atmel/atmel toolchain/arm gcc/native/4.7.3.1029/arm-gnu-toolchain/bin/../lib/gcc/arm-none-eabi/4.7.3/armv7e-m/crtn.o

.comment        0x00000000       0x71
 .comment       0x00000000       0x71 c:/program files (x86)/atmel/atmel toolchain/arm gcc/native/4.7.3.1029/arm-gnu-toolchain/bin/../lib/gcc/arm-none-eabi/4.7.3/armv7e-m/crtbegin.o
                                 0x72 (size before relaxing)
 .comment       0x00000000       0x72 src/ASF/common/services/delay/sam/cycle_counter.o
 .comment       0x00000000       0x72 src/ASF/sam/drivers/events/events.o
 .comment       0x00000000       0x72 src/ASF/sam/drivers/gpio/gpio.o
 .comment       0x00000000       0x72 src/ov7670.o
 .comment       0x00000000       0x72 src/ASF/common/services/sleepmgr/sam4l/sleepmgr.o
 .comment       0x00000000       0x72 src/ASF/common/utils/stdio/read.o
 .comment       0x00000000       0x72 src/ASF/common/utils/stdio/write.o
 .comment       0x00000000       0x72 src/ASF/sam/drivers/pdca/pdca.o
 .comment       0x00000000       0x72 src/ASF/sam/drivers/twim/twim.o
 .comment       0x00000000       0x72 src/ASF/sam/drivers/usart/usart.o
 .comment       0x00000000       0x72 src/main.o
 .comment       0x00000000       0x72 src/ASF/common/services/clock/sam4l/dfll.o
 .comment       0x00000000       0x72 src/ASF/common/services/clock/sam4l/osc.o
 .comment       0x00000000       0x72 src/ASF/common/services/clock/sam4l/sysclk.o
 .comment       0x00000000       0x72 src/ASF/common/utils/interrupt/interrupt_sam_nvic.o
 .comment       0x00000000       0x72 src/ASF/sam/boards/sam4l_xplained_pro/init.o
 .comment       0x00000000       0x72 src/ASF/sam/drivers/bpm/bpm.o
 .comment       0x00000000       0x72 src/ASF/sam/drivers/flashcalw/flashcalw.o
 .comment       0x00000000       0x72 src/ASF/sam/drivers/wdt/wdt_sam4l.o
 .comment       0x00000000       0x72 src/ASF/sam/utils/cmsis/sam4l/source/templates/exceptions.o
 .comment       0x00000000       0x72 src/ASF/sam/utils/cmsis/sam4l/source/templates/gcc/startup_sam4l.o
 .comment       0x00000000       0x72 src/ASF/sam/utils/syscalls/gcc/syscalls.o
 .comment       0x00000000       0x72 c:/program files (x86)/atmel/atmel toolchain/arm gcc/native/4.7.3.1029/arm-gnu-toolchain/bin/../lib/gcc/arm-none-eabi/4.7.3/../../../../arm-none-eabi/lib/armv7e-m\libc.a(lib_a-__atexit.o)
 .comment       0x00000000       0x72 c:/program files (x86)/atmel/atmel toolchain/arm gcc/native/4.7.3.1029/arm-gnu-toolchain/bin/../lib/gcc/arm-none-eabi/4.7.3/../../../../arm-none-eabi/lib/armv7e-m\libc.a(lib_a-fini.o)
 .comment       0x00000000       0x72 c:/program files (x86)/atmel/atmel toolchain/arm gcc/native/4.7.3.1029/arm-gnu-toolchain/bin/../lib/gcc/arm-none-eabi/4.7.3/../../../../arm-none-eabi/lib/armv7e-m\libc.a(lib_a-impure.o)
 .comment       0x00000000       0x72 c:/program files (x86)/atmel/atmel toolchain/arm gcc/native/4.7.3.1029/arm-gnu-toolchain/bin/../lib/gcc/arm-none-eabi/4.7.3/../../../../arm-none-eabi/lib/armv7e-m\libc.a(lib_a-init.o)
 .comment       0x00000000       0x72 c:/program files (x86)/atmel/atmel toolchain/arm gcc/native/4.7.3.1029/arm-gnu-toolchain/bin/../lib/gcc/arm-none-eabi/4.7.3/../../../../arm-none-eabi/lib/armv7e-m\libc.a(lib_a-iprintf.o)
 .comment       0x00000000       0x72 c:/program files (x86)/atmel/atmel toolchain/arm gcc/native/4.7.3.1029/arm-gnu-toolchain/bin/../lib/gcc/arm-none-eabi/4.7.3/../../../../arm-none-eabi/lib/armv7e-m\libc.a(lib_a-memset.o)
 .comment       0x00000000       0x72 c:/program files (x86)/atmel/atmel toolchain/arm gcc/native/4.7.3.1029/arm-gnu-toolchain/bin/../lib/gcc/arm-none-eabi/4.7.3/../../../../arm-none-eabi/lib/armv7e-m\libc.a(lib_a-puts.o)
 .comment       0x00000000       0x72 c:/program files (x86)/atmel/atmel toolchain/arm gcc/native/4.7.3.1029/arm-gnu-toolchain/bin/../lib/gcc/arm-none-eabi/4.7.3/../../../../arm-none-eabi/lib/armv7e-m\libc.a(lib_a-setbuf.o)
 .comment       0x00000000       0x72 c:/program files (x86)/atmel/atmel toolchain/arm gcc/native/4.7.3.1029/arm-gnu-toolchain/bin/../lib/gcc/arm-none-eabi/4.7.3/../../../../arm-none-eabi/lib/armv7e-m\libc.a(lib_a-setvbuf.o)
 .comment       0x00000000       0x72 c:/program files (x86)/atmel/atmel toolchain/arm gcc/native/4.7.3.1029/arm-gnu-toolchain/bin/../lib/gcc/arm-none-eabi/4.7.3/../../../../arm-none-eabi/lib/armv7e-m\libc.a(lib_a-strlen.o)
 .comment       0x00000000       0x72 c:/program files (x86)/atmel/atmel toolchain/arm gcc/native/4.7.3.1029/arm-gnu-toolchain/bin/../lib/gcc/arm-none-eabi/4.7.3/../../../../arm-none-eabi/lib/armv7e-m\libc.a(lib_a-vfiprintf.o)
 .comment       0x00000000       0x72 c:/program files (x86)/atmel/atmel toolchain/arm gcc/native/4.7.3.1029/arm-gnu-toolchain/bin/../lib/gcc/arm-none-eabi/4.7.3/../../../../arm-none-eabi/lib/armv7e-m\libc.a(lib_a-wsetup.o)
 .comment       0x00000000       0x72 c:/program files (x86)/atmel/atmel toolchain/arm gcc/native/4.7.3.1029/arm-gnu-toolchain/bin/../lib/gcc/arm-none-eabi/4.7.3/../../../../arm-none-eabi/lib/armv7e-m\libc.a(lib_a-__call_atexit.o)
 .comment       0x00000000       0x72 c:/program files (x86)/atmel/atmel toolchain/arm gcc/native/4.7.3.1029/arm-gnu-toolchain/bin/../lib/gcc/arm-none-eabi/4.7.3/../../../../arm-none-eabi/lib/armv7e-m\libc.a(lib_a-atexit.o)
 .comment       0x00000000       0x72 c:/program files (x86)/atmel/atmel toolchain/arm gcc/native/4.7.3.1029/arm-gnu-toolchain/bin/../lib/gcc/arm-none-eabi/4.7.3/../../../../arm-none-eabi/lib/armv7e-m\libc.a(lib_a-fflush.o)
 .comment       0x00000000       0x72 c:/program files (x86)/atmel/atmel toolchain/arm gcc/native/4.7.3.1029/arm-gnu-toolchain/bin/../lib/gcc/arm-none-eabi/4.7.3/../../../../arm-none-eabi/lib/armv7e-m\libc.a(lib_a-findfp.o)
 .comment       0x00000000       0x72 c:/program files (x86)/atmel/atmel toolchain/arm gcc/native/4.7.3.1029/arm-gnu-toolchain/bin/../lib/gcc/arm-none-eabi/4.7.3/../../../../arm-none-eabi/lib/armv7e-m\libc.a(lib_a-fputwc.o)
 .comment       0x00000000       0x72 c:/program files (x86)/atmel/atmel toolchain/arm gcc/native/4.7.3.1029/arm-gnu-toolchain/bin/../lib/gcc/arm-none-eabi/4.7.3/../../../../arm-none-eabi/lib/armv7e-m\libc.a(lib_a-freer.o)
 .comment       0x00000000       0x72 c:/program files (x86)/atmel/atmel toolchain/arm gcc/native/4.7.3.1029/arm-gnu-toolchain/bin/../lib/gcc/arm-none-eabi/4.7.3/../../../../arm-none-eabi/lib/armv7e-m\libc.a(lib_a-fvwrite.o)
 .comment       0x00000000       0x72 c:/program files (x86)/atmel/atmel toolchain/arm gcc/native/4.7.3.1029/arm-gnu-toolchain/bin/../lib/gcc/arm-none-eabi/4.7.3/../../../../arm-none-eabi/lib/armv7e-m\libc.a(lib_a-fwalk.o)
 .comment       0x00000000       0x72 c:/program files (x86)/atmel/atmel toolchain/arm gcc/native/4.7.3.1029/arm-gnu-toolchain/bin/../lib/gcc/arm-none-eabi/4.7.3/../../../../arm-none-eabi/lib/armv7e-m\libc.a(lib_a-locale.o)
 .comment       0x00000000       0x72 c:/program files (x86)/atmel/atmel toolchain/arm gcc/native/4.7.3.1029/arm-gnu-toolchain/bin/../lib/gcc/arm-none-eabi/4.7.3/../../../../arm-none-eabi/lib/armv7e-m\libc.a(lib_a-makebuf.o)
 .comment       0x00000000       0x72 c:/program files (x86)/atmel/atmel toolchain/arm gcc/native/4.7.3.1029/arm-gnu-toolchain/bin/../lib/gcc/arm-none-eabi/4.7.3/../../../../arm-none-eabi/lib/armv7e-m\libc.a(lib_a-malloc.o)
 .comment       0x00000000       0x72 c:/program files (x86)/atmel/atmel toolchain/arm gcc/native/4.7.3.1029/arm-gnu-toolchain/bin/../lib/gcc/arm-none-eabi/4.7.3/../../../../arm-none-eabi/lib/armv7e-m\libc.a(lib_a-mallocr.o)
 .comment       0x00000000       0x72 c:/program files (x86)/atmel/atmel toolchain/arm gcc/native/4.7.3.1029/arm-gnu-toolchain/bin/../lib/gcc/arm-none-eabi/4.7.3/../../../../arm-none-eabi/lib/armv7e-m\libc.a(lib_a-memchr.o)
 .comment       0x00000000       0x72 c:/program files (x86)/atmel/atmel toolchain/arm gcc/native/4.7.3.1029/arm-gnu-toolchain/bin/../lib/gcc/arm-none-eabi/4.7.3/../../../../arm-none-eabi/lib/armv7e-m\libc.a(lib_a-memcpy.o)
 .comment       0x00000000       0x72 c:/program files (x86)/atmel/atmel toolchain/arm gcc/native/4.7.3.1029/arm-gnu-toolchain/bin/../lib/gcc/arm-none-eabi/4.7.3/../../../../arm-none-eabi/lib/armv7e-m\libc.a(lib_a-memmove.o)
 .comment       0x00000000       0x72 c:/program files (x86)/atmel/atmel toolchain/arm gcc/native/4.7.3.1029/arm-gnu-toolchain/bin/../lib/gcc/arm-none-eabi/4.7.3/../../../../arm-none-eabi/lib/armv7e-m\libc.a(lib_a-mlock.o)
 .comment       0x00000000       0x72 c:/program files (x86)/atmel/atmel toolchain/arm gcc/native/4.7.3.1029/arm-gnu-toolchain/bin/../lib/gcc/arm-none-eabi/4.7.3/../../../../arm-none-eabi/lib/armv7e-m\libc.a(lib_a-reallocr.o)
 .comment       0x00000000       0x72 c:/program files (x86)/atmel/atmel toolchain/arm gcc/native/4.7.3.1029/arm-gnu-toolchain/bin/../lib/gcc/arm-none-eabi/4.7.3/../../../../arm-none-eabi/lib/armv7e-m\libc.a(lib_a-sbrkr.o)
 .comment       0x00000000       0x72 c:/program files (x86)/atmel/atmel toolchain/arm gcc/native/4.7.3.1029/arm-gnu-toolchain/bin/../lib/gcc/arm-none-eabi/4.7.3/../../../../arm-none-eabi/lib/armv7e-m\libc.a(lib_a-stdio.o)
 .comment       0x00000000       0x72 c:/program files (x86)/atmel/atmel toolchain/arm gcc/native/4.7.3.1029/arm-gnu-toolchain/bin/../lib/gcc/arm-none-eabi/4.7.3/../../../../arm-none-eabi/lib/armv7e-m\libc.a(lib_a-strcmp.o)
 .comment       0x00000000       0x72 c:/program files (x86)/atmel/atmel toolchain/arm gcc/native/4.7.3.1029/arm-gnu-toolchain/bin/../lib/gcc/arm-none-eabi/4.7.3/../../../../arm-none-eabi/lib/armv7e-m\libc.a(lib_a-wbuf.o)
 .comment       0x00000000       0x72 c:/program files (x86)/atmel/atmel toolchain/arm gcc/native/4.7.3.1029/arm-gnu-toolchain/bin/../lib/gcc/arm-none-eabi/4.7.3/../../../../arm-none-eabi/lib/armv7e-m\libc.a(lib_a-wcrtomb.o)
 .comment       0x00000000       0x72 c:/program files (x86)/atmel/atmel toolchain/arm gcc/native/4.7.3.1029/arm-gnu-toolchain/bin/../lib/gcc/arm-none-eabi/4.7.3/../../../../arm-none-eabi/lib/armv7e-m\libc.a(lib_a-wctomb_r.o)
 .comment       0x00000000       0x72 c:/program files (x86)/atmel/atmel toolchain/arm gcc/native/4.7.3.1029/arm-gnu-toolchain/bin/../lib/gcc/arm-none-eabi/4.7.3/../../../../arm-none-eabi/lib/armv7e-m\libc.a(lib_a-writer.o)
 .comment       0x00000000       0x72 c:/program files (x86)/atmel/atmel toolchain/arm gcc/native/4.7.3.1029/arm-gnu-toolchain/bin/../lib/gcc/arm-none-eabi/4.7.3/../../../../arm-none-eabi/lib/armv7e-m\libc.a(lib_a-closer.o)
 .comment       0x00000000       0x72 c:/program files (x86)/atmel/atmel toolchain/arm gcc/native/4.7.3.1029/arm-gnu-toolchain/bin/../lib/gcc/arm-none-eabi/4.7.3/../../../../arm-none-eabi/lib/armv7e-m\libc.a(lib_a-fclose.o)
 .comment       0x00000000       0x72 c:/program files (x86)/atmel/atmel toolchain/arm gcc/native/4.7.3.1029/arm-gnu-toolchain/bin/../lib/gcc/arm-none-eabi/4.7.3/../../../../arm-none-eabi/lib/armv7e-m\libc.a(lib_a-fstatr.o)
 .comment       0x00000000       0x72 c:/program files (x86)/atmel/atmel toolchain/arm gcc/native/4.7.3.1029/arm-gnu-toolchain/bin/../lib/gcc/arm-none-eabi/4.7.3/../../../../arm-none-eabi/lib/armv7e-m\libc.a(lib_a-isattyr.o)
 .comment       0x00000000       0x72 c:/program files (x86)/atmel/atmel toolchain/arm gcc/native/4.7.3.1029/arm-gnu-toolchain/bin/../lib/gcc/arm-none-eabi/4.7.3/../../../../arm-none-eabi/lib/armv7e-m\libc.a(lib_a-lseekr.o)
 .comment       0x00000000       0x72 c:/program files (x86)/atmel/atmel toolchain/arm gcc/native/4.7.3.1029/arm-gnu-toolchain/bin/../lib/gcc/arm-none-eabi/4.7.3/../../../../arm-none-eabi/lib/armv7e-m\libc.a(lib_a-readr.o)
 .comment       0x00000000       0x72 c:/program files (x86)/atmel/atmel toolchain/arm gcc/native/4.7.3.1029/arm-gnu-toolchain/bin/../lib/gcc/arm-none-eabi/4.7.3/../../../../arm-none-eabi/lib/armv7e-m\libc.a(lib_a-reent.o)
 .comment       0x00000000       0x72 c:/program files (x86)/atmel/atmel toolchain/arm gcc/native/4.7.3.1029/arm-gnu-toolchain/bin/../lib/gcc/arm-none-eabi/4.7.3/armv7e-m\libgcc.a(bpabi.o)
 .comment       0x00000000       0x72 c:/program files (x86)/atmel/atmel toolchain/arm gcc/native/4.7.3.1029/arm-gnu-toolchain/bin/../lib/gcc/arm-none-eabi/4.7.3/armv7e-m\libgcc.a(_divdi3.o)
 .comment       0x00000000       0x72 c:/program files (x86)/atmel/atmel toolchain/arm gcc/native/4.7.3.1029/arm-gnu-toolchain/bin/../lib/gcc/arm-none-eabi/4.7.3/armv7e-m\libgcc.a(_udivdi3.o)
 .comment       0x00000000       0x72 c:/program files (x86)/atmel/atmel toolchain/arm gcc/native/4.7.3.1029/arm-gnu-toolchain/bin/../lib/gcc/arm-none-eabi/4.7.3/armv7e-m/crtend.o

.debug_info     0x00000000    0x2d603
 .debug_info    0x00000000      0x11e src/ASF/common/services/delay/sam/cycle_counter.o
 .debug_info    0x0000011e      0x97b src/ASF/sam/drivers/events/events.o
 .debug_info    0x00000a99     0x12ea src/ASF/sam/drivers/gpio/gpio.o
 .debug_info    0x00001d83     0x22f0 src/ov7670.o
 .debug_info    0x00004073      0x15d src/ASF/common/services/sleepmgr/sam4l/sleepmgr.o
 .debug_info    0x000041d0      0x1d8 src/ASF/common/utils/stdio/read.o
 .debug_info    0x000043a8      0x1aa src/ASF/common/utils/stdio/write.o
 .debug_info    0x00004552     0x15de src/ASF/sam/drivers/pdca/pdca.o
 .debug_info    0x00005b30     0x1c47 src/ASF/sam/drivers/twim/twim.o
 .debug_info    0x00007777     0x1aab src/ASF/sam/drivers/usart/usart.o
 .debug_info    0x00009222     0x125d src/main.o
 .debug_info    0x0000a47f     0x1661 src/ASF/common/services/clock/sam4l/dfll.o
 .debug_info    0x0000bae0     0x117c src/ASF/common/services/clock/sam4l/osc.o
 .debug_info    0x0000cc5c     0x21b2 src/ASF/common/services/clock/sam4l/sysclk.o
 .debug_info    0x0000ee0e      0x1d2 src/ASF/common/utils/interrupt/interrupt_sam_nvic.o
 .debug_info    0x0000efe0     0x115c src/ASF/sam/boards/sam4l_xplained_pro/init.o
 .debug_info    0x0001013c      0xde5 src/ASF/sam/drivers/bpm/bpm.o
 .debug_info    0x00010f21     0x1fec src/ASF/sam/drivers/flashcalw/flashcalw.o
 .debug_info    0x00012f0d      0x6bf src/ASF/sam/drivers/wdt/wdt_sam4l.o
 .debug_info    0x000135cc       0xaf src/ASF/sam/utils/cmsis/sam4l/source/templates/exceptions.o
 .debug_info    0x0001367b      0x347 src/ASF/sam/utils/cmsis/sam4l/source/templates/gcc/startup_sam4l.o
 .debug_info    0x000139c2      0x427 src/ASF/sam/utils/syscalls/gcc/syscalls.o
 .debug_info    0x00013de9      0xa15 c:/program files (x86)/atmel/atmel toolchain/arm gcc/native/4.7.3.1029/arm-gnu-toolchain/bin/../lib/gcc/arm-none-eabi/4.7.3/../../../../arm-none-eabi/lib/armv7e-m\libc.a(lib_a-__atexit.o)
 .debug_info    0x000147fe       0xf7 c:/program files (x86)/atmel/atmel toolchain/arm gcc/native/4.7.3.1029/arm-gnu-toolchain/bin/../lib/gcc/arm-none-eabi/4.7.3/../../../../arm-none-eabi/lib/armv7e-m\libc.a(lib_a-fini.o)
 .debug_info    0x000148f5      0x961 c:/program files (x86)/atmel/atmel toolchain/arm gcc/native/4.7.3.1029/arm-gnu-toolchain/bin/../lib/gcc/arm-none-eabi/4.7.3/../../../../arm-none-eabi/lib/armv7e-m\libc.a(lib_a-impure.o)
 .debug_info    0x00015256      0x110 c:/program files (x86)/atmel/atmel toolchain/arm gcc/native/4.7.3.1029/arm-gnu-toolchain/bin/../lib/gcc/arm-none-eabi/4.7.3/../../../../arm-none-eabi/lib/armv7e-m\libc.a(lib_a-init.o)
 .debug_info    0x00015366      0xa8d c:/program files (x86)/atmel/atmel toolchain/arm gcc/native/4.7.3.1029/arm-gnu-toolchain/bin/../lib/gcc/arm-none-eabi/4.7.3/../../../../arm-none-eabi/lib/armv7e-m\libc.a(lib_a-iprintf.o)
 .debug_info    0x00015df3       0xd3 c:/program files (x86)/atmel/atmel toolchain/arm gcc/native/4.7.3.1029/arm-gnu-toolchain/bin/../lib/gcc/arm-none-eabi/4.7.3/../../../../arm-none-eabi/lib/armv7e-m\libc.a(lib_a-memset.o)
 .debug_info    0x00015ec6      0xae4 c:/program files (x86)/atmel/atmel toolchain/arm gcc/native/4.7.3.1029/arm-gnu-toolchain/bin/../lib/gcc/arm-none-eabi/4.7.3/../../../../arm-none-eabi/lib/armv7e-m\libc.a(lib_a-puts.o)
 .debug_info    0x000169aa      0x9d7 c:/program files (x86)/atmel/atmel toolchain/arm gcc/native/4.7.3.1029/arm-gnu-toolchain/bin/../lib/gcc/arm-none-eabi/4.7.3/../../../../arm-none-eabi/lib/armv7e-m\libc.a(lib_a-setbuf.o)
 .debug_info    0x00017381      0xa79 c:/program files (x86)/atmel/atmel toolchain/arm gcc/native/4.7.3.1029/arm-gnu-toolchain/bin/../lib/gcc/arm-none-eabi/4.7.3/../../../../arm-none-eabi/lib/armv7e-m\libc.a(lib_a-setvbuf.o)
 .debug_info    0x00017dfa       0xcd c:/program files (x86)/atmel/atmel toolchain/arm gcc/native/4.7.3.1029/arm-gnu-toolchain/bin/../lib/gcc/arm-none-eabi/4.7.3/../../../../arm-none-eabi/lib/armv7e-m\libc.a(lib_a-strlen.o)
 .debug_info    0x00017ec7     0x129d c:/program files (x86)/atmel/atmel toolchain/arm gcc/native/4.7.3.1029/arm-gnu-toolchain/bin/../lib/gcc/arm-none-eabi/4.7.3/../../../../arm-none-eabi/lib/armv7e-m\libc.a(lib_a-vfiprintf.o)
 .debug_info    0x00019164      0xa01 c:/program files (x86)/atmel/atmel toolchain/arm gcc/native/4.7.3.1029/arm-gnu-toolchain/bin/../lib/gcc/arm-none-eabi/4.7.3/../../../../arm-none-eabi/lib/armv7e-m\libc.a(lib_a-wsetup.o)
 .debug_info    0x00019b65      0xa7c c:/program files (x86)/atmel/atmel toolchain/arm gcc/native/4.7.3.1029/arm-gnu-toolchain/bin/../lib/gcc/arm-none-eabi/4.7.3/../../../../arm-none-eabi/lib/armv7e-m\libc.a(lib_a-__call_atexit.o)
 .debug_info    0x0001a5e1      0x10f c:/program files (x86)/atmel/atmel toolchain/arm gcc/native/4.7.3.1029/arm-gnu-toolchain/bin/../lib/gcc/arm-none-eabi/4.7.3/../../../../arm-none-eabi/lib/armv7e-m\libc.a(lib_a-atexit.o)
 .debug_info    0x0001a6f0      0xb2b c:/program files (x86)/atmel/atmel toolchain/arm gcc/native/4.7.3.1029/arm-gnu-toolchain/bin/../lib/gcc/arm-none-eabi/4.7.3/../../../../arm-none-eabi/lib/armv7e-m\libc.a(lib_a-fflush.o)
 .debug_info    0x0001b21b      0xdbc c:/program files (x86)/atmel/atmel toolchain/arm gcc/native/4.7.3.1029/arm-gnu-toolchain/bin/../lib/gcc/arm-none-eabi/4.7.3/../../../../arm-none-eabi/lib/armv7e-m\libc.a(lib_a-findfp.o)
 .debug_info    0x0001bfd7      0xb7b c:/program files (x86)/atmel/atmel toolchain/arm gcc/native/4.7.3.1029/arm-gnu-toolchain/bin/../lib/gcc/arm-none-eabi/4.7.3/../../../../arm-none-eabi/lib/armv7e-m\libc.a(lib_a-fputwc.o)
 .debug_info    0x0001cb52      0xd0f c:/program files (x86)/atmel/atmel toolchain/arm gcc/native/4.7.3.1029/arm-gnu-toolchain/bin/../lib/gcc/arm-none-eabi/4.7.3/../../../../arm-none-eabi/lib/armv7e-m\libc.a(lib_a-freer.o)
 .debug_info    0x0001d861      0xd8f c:/program files (x86)/atmel/atmel toolchain/arm gcc/native/4.7.3.1029/arm-gnu-toolchain/bin/../lib/gcc/arm-none-eabi/4.7.3/../../../../arm-none-eabi/lib/armv7e-m\libc.a(lib_a-fvwrite.o)
 .debug_info    0x0001e5f0      0xb9d c:/program files (x86)/atmel/atmel toolchain/arm gcc/native/4.7.3.1029/arm-gnu-toolchain/bin/../lib/gcc/arm-none-eabi/4.7.3/../../../../arm-none-eabi/lib/armv7e-m\libc.a(lib_a-fwalk.o)
 .debug_info    0x0001f18d      0xd0f c:/program files (x86)/atmel/atmel toolchain/arm gcc/native/4.7.3.1029/arm-gnu-toolchain/bin/../lib/gcc/arm-none-eabi/4.7.3/../../../../arm-none-eabi/lib/armv7e-m\libc.a(lib_a-locale.o)
 .debug_info    0x0001fe9c      0xbea c:/program files (x86)/atmel/atmel toolchain/arm gcc/native/4.7.3.1029/arm-gnu-toolchain/bin/../lib/gcc/arm-none-eabi/4.7.3/../../../../arm-none-eabi/lib/armv7e-m\libc.a(lib_a-makebuf.o)
 .debug_info    0x00020a86      0x9f2 c:/program files (x86)/atmel/atmel toolchain/arm gcc/native/4.7.3.1029/arm-gnu-toolchain/bin/../lib/gcc/arm-none-eabi/4.7.3/../../../../arm-none-eabi/lib/armv7e-m\libc.a(lib_a-malloc.o)
 .debug_info    0x00021478      0xe25 c:/program files (x86)/atmel/atmel toolchain/arm gcc/native/4.7.3.1029/arm-gnu-toolchain/bin/../lib/gcc/arm-none-eabi/4.7.3/../../../../arm-none-eabi/lib/armv7e-m\libc.a(lib_a-mallocr.o)
 .debug_info    0x0002229d       0xf9 c:/program files (x86)/atmel/atmel toolchain/arm gcc/native/4.7.3.1029/arm-gnu-toolchain/bin/../lib/gcc/arm-none-eabi/4.7.3/../../../../arm-none-eabi/lib/armv7e-m\libc.a(lib_a-memchr.o)
 .debug_info    0x00022396      0x103 c:/program files (x86)/atmel/atmel toolchain/arm gcc/native/4.7.3.1029/arm-gnu-toolchain/bin/../lib/gcc/arm-none-eabi/4.7.3/../../../../arm-none-eabi/lib/armv7e-m\libc.a(lib_a-memcpy.o)
 .debug_info    0x00022499      0x103 c:/program files (x86)/atmel/atmel toolchain/arm gcc/native/4.7.3.1029/arm-gnu-toolchain/bin/../lib/gcc/arm-none-eabi/4.7.3/../../../../arm-none-eabi/lib/armv7e-m\libc.a(lib_a-memmove.o)
 .debug_info    0x0002259c      0x985 c:/program files (x86)/atmel/atmel toolchain/arm gcc/native/4.7.3.1029/arm-gnu-toolchain/bin/../lib/gcc/arm-none-eabi/4.7.3/../../../../arm-none-eabi/lib/armv7e-m\libc.a(lib_a-mlock.o)
 .debug_info    0x00022f21      0xd3c c:/program files (x86)/atmel/atmel toolchain/arm gcc/native/4.7.3.1029/arm-gnu-toolchain/bin/../lib/gcc/arm-none-eabi/4.7.3/../../../../arm-none-eabi/lib/armv7e-m\libc.a(lib_a-reallocr.o)
 .debug_info    0x00023c5d      0x9cc c:/program files (x86)/atmel/atmel toolchain/arm gcc/native/4.7.3.1029/arm-gnu-toolchain/bin/../lib/gcc/arm-none-eabi/4.7.3/../../../../arm-none-eabi/lib/armv7e-m\libc.a(lib_a-sbrkr.o)
 .debug_info    0x00024629      0xc7b c:/program files (x86)/atmel/atmel toolchain/arm gcc/native/4.7.3.1029/arm-gnu-toolchain/bin/../lib/gcc/arm-none-eabi/4.7.3/../../../../arm-none-eabi/lib/armv7e-m\libc.a(lib_a-stdio.o)
 .debug_info    0x000252a4       0xb5 c:/program files (x86)/atmel/atmel toolchain/arm gcc/native/4.7.3.1029/arm-gnu-toolchain/bin/../lib/gcc/arm-none-eabi/4.7.3/../../../../arm-none-eabi/lib/armv7e-m\libc.a(lib_a-strcmp.o)
 .debug_info    0x00025359      0xaa2 c:/program files (x86)/atmel/atmel toolchain/arm gcc/native/4.7.3.1029/arm-gnu-toolchain/bin/../lib/gcc/arm-none-eabi/4.7.3/../../../../arm-none-eabi/lib/armv7e-m\libc.a(lib_a-wbuf.o)
 .debug_info    0x00025dfb      0xaa8 c:/program files (x86)/atmel/atmel toolchain/arm gcc/native/4.7.3.1029/arm-gnu-toolchain/bin/../lib/gcc/arm-none-eabi/4.7.3/../../../../arm-none-eabi/lib/armv7e-m\libc.a(lib_a-wcrtomb.o)
 .debug_info    0x000268a3      0xa92 c:/program files (x86)/atmel/atmel toolchain/arm gcc/native/4.7.3.1029/arm-gnu-toolchain/bin/../lib/gcc/arm-none-eabi/4.7.3/../../../../arm-none-eabi/lib/armv7e-m\libc.a(lib_a-wctomb_r.o)
 .debug_info    0x00027335      0x9ff c:/program files (x86)/atmel/atmel toolchain/arm gcc/native/4.7.3.1029/arm-gnu-toolchain/bin/../lib/gcc/arm-none-eabi/4.7.3/../../../../arm-none-eabi/lib/armv7e-m\libc.a(lib_a-writer.o)
 .debug_info    0x00027d34      0x9b6 c:/program files (x86)/atmel/atmel toolchain/arm gcc/native/4.7.3.1029/arm-gnu-toolchain/bin/../lib/gcc/arm-none-eabi/4.7.3/../../../../arm-none-eabi/lib/armv7e-m\libc.a(lib_a-closer.o)
 .debug_info    0x000286ea      0xac3 c:/program files (x86)/atmel/atmel toolchain/arm gcc/native/4.7.3.1029/arm-gnu-toolchain/bin/../lib/gcc/arm-none-eabi/4.7.3/../../../../arm-none-eabi/lib/armv7e-m\libc.a(lib_a-fclose.o)
 .debug_info    0x000291ad      0xb61 c:/program files (x86)/atmel/atmel toolchain/arm gcc/native/4.7.3.1029/arm-gnu-toolchain/bin/../lib/gcc/arm-none-eabi/4.7.3/../../../../arm-none-eabi/lib/armv7e-m\libc.a(lib_a-fstatr.o)
 .debug_info    0x00029d0e      0x9b6 c:/program files (x86)/atmel/atmel toolchain/arm gcc/native/4.7.3.1029/arm-gnu-toolchain/bin/../lib/gcc/arm-none-eabi/4.7.3/../../../../arm-none-eabi/lib/armv7e-m\libc.a(lib_a-isattyr.o)
 .debug_info    0x0002a6c4      0x9ed c:/program files (x86)/atmel/atmel toolchain/arm gcc/native/4.7.3.1029/arm-gnu-toolchain/bin/../lib/gcc/arm-none-eabi/4.7.3/../../../../arm-none-eabi/lib/armv7e-m\libc.a(lib_a-lseekr.o)
 .debug_info    0x0002b0b1      0x9f8 c:/program files (x86)/atmel/atmel toolchain/arm gcc/native/4.7.3.1029/arm-gnu-toolchain/bin/../lib/gcc/arm-none-eabi/4.7.3/../../../../arm-none-eabi/lib/armv7e-m\libc.a(lib_a-readr.o)
 .debug_info    0x0002baa9      0xb23 c:/program files (x86)/atmel/atmel toolchain/arm gcc/native/4.7.3.1029/arm-gnu-toolchain/bin/../lib/gcc/arm-none-eabi/4.7.3/../../../../arm-none-eabi/lib/armv7e-m\libc.a(lib_a-reent.o)
 .debug_info    0x0002c5cc       0xfe c:/program files (x86)/atmel/atmel toolchain/arm gcc/native/4.7.3.1029/arm-gnu-toolchain/bin/../lib/gcc/arm-none-eabi/4.7.3/armv7e-m\libgcc.a(_aeabi_uldivmod.o)
 .debug_info    0x0002c6ca      0x170 c:/program files (x86)/atmel/atmel toolchain/arm gcc/native/4.7.3.1029/arm-gnu-toolchain/bin/../lib/gcc/arm-none-eabi/4.7.3/armv7e-m\libgcc.a(bpabi.o)
 .debug_info    0x0002c83a      0x102 c:/program files (x86)/atmel/atmel toolchain/arm gcc/native/4.7.3.1029/arm-gnu-toolchain/bin/../lib/gcc/arm-none-eabi/4.7.3/armv7e-m\libgcc.a(_dvmd_tls.o)
 .debug_info    0x0002c93c      0x682 c:/program files (x86)/atmel/atmel toolchain/arm gcc/native/4.7.3.1029/arm-gnu-toolchain/bin/../lib/gcc/arm-none-eabi/4.7.3/armv7e-m\libgcc.a(_divdi3.o)
 .debug_info    0x0002cfbe      0x645 c:/program files (x86)/atmel/atmel toolchain/arm gcc/native/4.7.3.1029/arm-gnu-toolchain/bin/../lib/gcc/arm-none-eabi/4.7.3/armv7e-m\libgcc.a(_udivdi3.o)

.debug_abbrev   0x00000000     0x8005
 .debug_abbrev  0x00000000       0x9d src/ASF/common/services/delay/sam/cycle_counter.o
 .debug_abbrev  0x0000009d      0x256 src/ASF/sam/drivers/events/events.o
 .debug_abbrev  0x000002f3      0x28d src/ASF/sam/drivers/gpio/gpio.o
 .debug_abbrev  0x00000580      0x373 src/ov7670.o
 .debug_abbrev  0x000008f3       0xa9 src/ASF/common/services/sleepmgr/sam4l/sleepmgr.o
 .debug_abbrev  0x0000099c      0x10c src/ASF/common/utils/stdio/read.o
 .debug_abbrev  0x00000aa8       0xf5 src/ASF/common/utils/stdio/write.o
 .debug_abbrev  0x00000b9d      0x374 src/ASF/sam/drivers/pdca/pdca.o
 .debug_abbrev  0x00000f11      0x405 src/ASF/sam/drivers/twim/twim.o
 .debug_abbrev  0x00001316      0x2c0 src/ASF/sam/drivers/usart/usart.o
 .debug_abbrev  0x000015d6      0x318 src/main.o
 .debug_abbrev  0x000018ee      0x2d5 src/ASF/common/services/clock/sam4l/dfll.o
 .debug_abbrev  0x00001bc3      0x1ac src/ASF/common/services/clock/sam4l/osc.o
 .debug_abbrev  0x00001d6f      0x33a src/ASF/common/services/clock/sam4l/sysclk.o
 .debug_abbrev  0x000020a9       0xef src/ASF/common/utils/interrupt/interrupt_sam_nvic.o
 .debug_abbrev  0x00002198      0x243 src/ASF/sam/boards/sam4l_xplained_pro/init.o
 .debug_abbrev  0x000023db      0x286 src/ASF/sam/drivers/bpm/bpm.o
 .debug_abbrev  0x00002661      0x35b src/ASF/sam/drivers/flashcalw/flashcalw.o
 .debug_abbrev  0x000029bc      0x22e src/ASF/sam/drivers/wdt/wdt_sam4l.o
 .debug_abbrev  0x00002bea       0x6c src/ASF/sam/utils/cmsis/sam4l/source/templates/exceptions.o
 .debug_abbrev  0x00002c56      0x113 src/ASF/sam/utils/cmsis/sam4l/source/templates/gcc/startup_sam4l.o
 .debug_abbrev  0x00002d69      0x141 src/ASF/sam/utils/syscalls/gcc/syscalls.o
 .debug_abbrev  0x00002eaa      0x1fe c:/program files (x86)/atmel/atmel toolchain/arm gcc/native/4.7.3.1029/arm-gnu-toolchain/bin/../lib/gcc/arm-none-eabi/4.7.3/../../../../arm-none-eabi/lib/armv7e-m\libc.a(lib_a-__atexit.o)
 .debug_abbrev  0x000030a8       0xbb c:/program files (x86)/atmel/atmel toolchain/arm gcc/native/4.7.3.1029/arm-gnu-toolchain/bin/../lib/gcc/arm-none-eabi/4.7.3/../../../../arm-none-eabi/lib/armv7e-m\libc.a(lib_a-fini.o)
 .debug_abbrev  0x00003163      0x160 c:/program files (x86)/atmel/atmel toolchain/arm gcc/native/4.7.3.1029/arm-gnu-toolchain/bin/../lib/gcc/arm-none-eabi/4.7.3/../../../../arm-none-eabi/lib/armv7e-m\libc.a(lib_a-impure.o)
 .debug_abbrev  0x000032c3       0xb8 c:/program files (x86)/atmel/atmel toolchain/arm gcc/native/4.7.3.1029/arm-gnu-toolchain/bin/../lib/gcc/arm-none-eabi/4.7.3/../../../../arm-none-eabi/lib/armv7e-m\libc.a(lib_a-init.o)
 .debug_abbrev  0x0000337b      0x1ed c:/program files (x86)/atmel/atmel toolchain/arm gcc/native/4.7.3.1029/arm-gnu-toolchain/bin/../lib/gcc/arm-none-eabi/4.7.3/../../../../arm-none-eabi/lib/armv7e-m\libc.a(lib_a-iprintf.o)
 .debug_abbrev  0x00003568       0x8c c:/program files (x86)/atmel/atmel toolchain/arm gcc/native/4.7.3.1029/arm-gnu-toolchain/bin/../lib/gcc/arm-none-eabi/4.7.3/../../../../arm-none-eabi/lib/armv7e-m\libc.a(lib_a-memset.o)
 .debug_abbrev  0x000035f4      0x208 c:/program files (x86)/atmel/atmel toolchain/arm gcc/native/4.7.3.1029/arm-gnu-toolchain/bin/../lib/gcc/arm-none-eabi/4.7.3/../../../../arm-none-eabi/lib/armv7e-m\libc.a(lib_a-puts.o)
 .debug_abbrev  0x000037fc      0x19c c:/program files (x86)/atmel/atmel toolchain/arm gcc/native/4.7.3.1029/arm-gnu-toolchain/bin/../lib/gcc/arm-none-eabi/4.7.3/../../../../arm-none-eabi/lib/armv7e-m\libc.a(lib_a-setbuf.o)
 .debug_abbrev  0x00003998      0x217 c:/program files (x86)/atmel/atmel toolchain/arm gcc/native/4.7.3.1029/arm-gnu-toolchain/bin/../lib/gcc/arm-none-eabi/4.7.3/../../../../arm-none-eabi/lib/armv7e-m\libc.a(lib_a-setvbuf.o)
 .debug_abbrev  0x00003baf       0x8a c:/program files (x86)/atmel/atmel toolchain/arm gcc/native/4.7.3.1029/arm-gnu-toolchain/bin/../lib/gcc/arm-none-eabi/4.7.3/../../../../arm-none-eabi/lib/armv7e-m\libc.a(lib_a-strlen.o)